--------- beginning of main
01-15 17:37:22.959   528   569 D WCND    : is_cp2_alive_ok: open polling interface: /proc/mdbg/loopcheck, fd = 13
01-15 17:37:23.060   528   569 D WCND    : is_cp2_alive_ok: loop: /proc/mdbg/loopcheck is OK
01-15 17:37:23.240  1292  1392 I CPVoiceAgent: select: retrun 0
01-15 17:37:24.221   954   954 D NetworkController.WifiSignalController: Change in state from: connected=true,enabled=true,level=3,inetCondition=1,iconGroup=IconGroup(Wi-Fi Icons),activityIn=true,activityOut=true,rssi=-56,lastModified=01-15 17:37:17,ssid="atlas",isTransient=false,statusLabel=null
01-15 17:37:24.221   954   954 D NetworkController.WifiSignalController: 	to: connected=true,enabled=true,level=3,inetCondition=1,iconGroup=IconGroup(Wi-Fi Icons),activityIn=false,activityOut=false,rssi=-56,lastModified=01-15 17:37:17,ssid="atlas",isTransient=false,statusLabel=null
01-15 17:37:24.222   954   954 D Tile.WifiTile: onWifiSignalChanged enabled=true
01-15 17:37:24.223   954  1254 D Tile.WifiTile: handleUpdateState arg=null
01-15 17:37:24.223   954  1254 D Tile.WifiTile: handleUpdateState wifiConnected=truestate.icon=ResourceIcon[resId=0x7f080292]
01-15 17:37:24.224   703   871 D WifiNetworkMonitor: EVENT_WIFI_RSSI_CHANGED
01-15 17:37:24.224   703   871 E WifiNetworkMonitor: Not any Obervers!!!
01-15 17:37:24.742  1292  1392 I CPVoiceAgent: select: retrun 0
01-15 17:37:25.224   954   954 D NetworkController.WifiSignalController: Change in state from: connected=true,enabled=true,level=3,inetCondition=1,iconGroup=IconGroup(Wi-Fi Icons),activityIn=false,activityOut=false,rssi=-56,lastModified=01-15 17:37:24,ssid="atlas",isTransient=false,statusLabel=null
01-15 17:37:25.224   954   954 D NetworkController.WifiSignalController: 	to: connected=true,enabled=true,level=3,inetCondition=1,iconGroup=IconGroup(Wi-Fi Icons),activityIn=true,activityOut=true,rssi=-56,lastModified=01-15 17:37:24,ssid="atlas",isTransient=false,statusLabel=null
01-15 17:37:25.225   954   954 D Tile.WifiTile: onWifiSignalChanged enabled=true
01-15 17:37:25.225   954  1254 D Tile.WifiTile: handleUpdateState arg=null
01-15 17:37:25.225   954  1254 D Tile.WifiTile: handleUpdateState wifiConnected=truestate.icon=ResourceIcon[resId=0x7f080292]
01-15 17:37:26.244  1292  1392 I CPVoiceAgent: select: retrun 0
01-15 17:37:27.230   703   871 D WifiNetworkMonitor: EVENT_WIFI_RSSI_CHANGED
01-15 17:37:27.230   703   871 E WifiNetworkMonitor: Not any Obervers!!!
01-15 17:37:27.746  1292  1392 I CPVoiceAgent: select: retrun 0
01-15 17:37:28.065   528   569 D WCND    : is_cp2_alive_ok: open polling interface: /proc/mdbg/loopcheck, fd = 13
01-15 17:37:28.166   528   569 D WCND    : is_cp2_alive_ok: loop: /proc/mdbg/loopcheck is OK
--------- beginning of system
01-15 17:37:12.928   703  1044 I chatty  : uid=1000(system) SSense expire 1 line
01-15 17:37:22.929   703  1044 D SSense  : onTouchRateChanged: rate:0.0
01-15 17:37:28.484   703   847 D AlarmManager: waitForAlarm result:4currentTime=1768495048484, elapsedRealtime=354843615
01-15 17:37:28.484   703   847 D AlarmManager: triggerAlarmsLocked firstBatch : Batch{5a8ed34 num=1 start=354875130 end=354875130 flgs=0x1} firstWakeup : Batch{b6b075d num=1 start=355021504 end=355021504 flgs=0x5} mNextWakeup = 354843615
01-15 17:37:28.484   703   847 V AlarmManager: Alarm to uid=1000 listener=android.app.AlarmManager$ListenerWrapper@7bea8d2
01-15 17:37:28.485   703   847 D AlarmManager: sending alarm.type = 2, action = null, cn = null, operation = null
01-15 17:37:28.486   703   847 D BroadcastQueue: Add broadcast <BroadcastRecord{80a0da3 u0 com.android.server.powercontroller.CHECK_APPSTATE}> into [ordered | background], pending size 0
01-15 17:37:28.486   703   847 D BroadcastQueue: Header is BroadcastRecord{80a0da3 u0 com.android.server.powercontroller.CHECK_APPSTATE} now
01-15 17:37:28.486   703   847 D AlarmManager: sending alarm.type = 3, action = com.android.server.powercontroller.CHECK_APPSTATE, cn = null, operation = PendingIntent{d5698bc: PendingIntentRecord{dd08045 android broadcastIntent}}
01-15 17:37:28.486   703   847 D AlarmManagerService: set alarm to kernel: 355021.504000000, type=2 
01-15 17:37:28.486   703   847 D AlarmManagerService: set alarm to kernel: 354875.130000000, type=3 
01-15 17:37:28.487   703   703 V AlarmManager: set(null) : type=2 triggerAtTime=432012283 win=57876500 tElapsed=432012283 maxElapsed=489888783 interval=0 flags=0x0
01-15 17:37:28.487   703   703 D AlarmManagerService: set alarm to kernel: 355021.504000000, type=2 
01-15 17:37:28.487   703   703 D AlarmManagerService: set alarm to kernel: 354875.130000000, type=3 
01-15 17:37:28.487   703   703 I AlarmManager: alarmComplete() from android.app.AlarmManager$ListenerWrapper@7bea8d2
01-15 17:37:28.488   703   703 D JobScheduler: Error executing JobStatus{9b98047 #u0a213/1 org.zwanoo.android.speedtest/com.ookla.speedtestengine.reporting.bgreports.BGReportJobServiceImpl u=0 s=10213 TIME=-4d2h33m48s247ms:-4d2h33m48s247ms PERIODIC PERSISTED READY}
01-15 17:37:28.489   703   703 D BroadcastQueue: Finished with ordered broadcast BroadcastRecord{80a0da3 u0 com.android.server.powercontroller.CHECK_APPSTATE} receivers:(1) take 3ms in [background], remains 0
01-15 17:37:28.489   703  1040 V AlarmManager: set(PendingIntent{d5698bc: PendingIntentRecord{dd08045 android broadcastIntent}}) : type=3 triggerAtTime=355143619 win=225000 tElapsed=355143619 maxElapsed=355368619 interval=0 flags=0x8
01-15 17:37:28.490   703  1040 D AlarmManagerService: set alarm to kernel: 355021.504000000, type=2 
01-15 17:37:28.490   703  1040 D AlarmManagerService: set alarm to kernel: 354875.130000000, type=3 
01-15 17:37:29.248  1292  1392 I CPVoiceAgent: select: retrun 0
01-15 17:37:30.238   703   871 D WifiNetworkMonitor: EVENT_WIFI_RSSI_CHANGED
01-15 17:37:30.238   703   871 E WifiNetworkMonitor: Not any Obervers!!!
01-15 17:37:30.662   447   481 E storaged: getDiskStats failed with result NOT_SUPPORTED and size 0
01-15 17:37:30.750  1292  1392 I CPVoiceAgent: select: retrun 0
01-15 17:37:32.252  1292  1392 I CPVoiceAgent: select: retrun 0
01-15 17:37:32.932   703  1044 D SSense  : onTouchRateChanged: rate:0.0
01-15 17:37:33.172   528   569 D WCND    : is_cp2_alive_ok: open polling interface: /proc/mdbg/loopcheck, fd = 13
01-15 17:37:33.242   954   954 D NetworkController.WifiSignalController: Change in state from: connected=true,enabled=true,level=3,inetCondition=1,iconGroup=IconGroup(Wi-Fi Icons),activityIn=true,activityOut=true,rssi=-56,lastModified=01-15 17:37:25,ssid="atlas",isTransient=false,statusLabel=null
01-15 17:37:33.242   954   954 D NetworkController.WifiSignalController: 	to: connected=true,enabled=true,level=3,inetCondition=1,iconGroup=IconGroup(Wi-Fi Icons),activityIn=false,activityOut=false,rssi=-56,lastModified=01-15 17:37:25,ssid="atlas",isTransient=false,statusLabel=null
01-15 17:37:33.243   954   954 D Tile.WifiTile: onWifiSignalChanged enabled=true
01-15 17:37:33.244   954  1254 D Tile.WifiTile: handleUpdateState arg=null
01-15 17:37:33.244   954  1254 D Tile.WifiTile: handleUpdateState wifiConnected=truestate.icon=ResourceIcon[resId=0x7f080292]
01-15 17:37:33.245   703   871 D WifiNetworkMonitor: EVENT_WIFI_RSSI_CHANGED
01-15 17:37:33.245   703   871 E WifiNetworkMonitor: Not any Obervers!!!
01-15 17:37:33.272   528   569 D WCND    : is_cp2_alive_ok: loop: /proc/mdbg/loopcheck is OK
01-15 17:37:33.754  1292  1392 I CPVoiceAgent: select: retrun 0
01-15 17:37:34.245   954   954 D NetworkController.WifiSignalController: Change in state from: connected=true,enabled=true,level=3,inetCondition=1,iconGroup=IconGroup(Wi-Fi Icons),activityIn=false,activityOut=false,rssi=-56,lastModified=01-15 17:37:33,ssid="atlas",isTransient=false,statusLabel=null
01-15 17:37:34.245   954   954 D NetworkController.WifiSignalController: 	to: connected=true,enabled=true,level=3,inetCondition=1,iconGroup=IconGroup(Wi-Fi Icons),activityIn=true,activityOut=true,rssi=-56,lastModified=01-15 17:37:33,ssid="atlas",isTransient=false,statusLabel=null
01-15 17:37:34.246   954   954 D Tile.WifiTile: onWifiSignalChanged enabled=true
01-15 17:37:34.246   954  1254 D Tile.WifiTile: handleUpdateState arg=null
01-15 17:37:34.246   954  1254 D Tile.WifiTile: handleUpdateState wifiConnected=truestate.icon=ResourceIcon[resId=0x7f080292]
01-15 17:37:35.255  1292  1392 I CPVoiceAgent: select: retrun 0
01-15 17:37:35.456  4012  4012 D ip_monitor-438: 192.168.1.207 dev wlan0 lladdr 74:56:3c:b4:6e:c9 STALE
01-15 17:37:36.252   703   871 D WifiNetworkMonitor: EVENT_WIFI_RSSI_CHANGED
01-15 17:37:36.252   703   871 E WifiNetworkMonitor: Not any Obervers!!!
01-15 17:37:36.758  1292  1392 I CPVoiceAgent: select: retrun 0
01-15 17:37:38.259  1292  1392 I CPVoiceAgent: select: retrun 0
01-15 17:37:38.278   528   569 D WCND    : is_cp2_alive_ok: open polling interface: /proc/mdbg/loopcheck, fd = 13
01-15 17:37:38.379   528   569 D WCND    : is_cp2_alive_ok: loop: /proc/mdbg/loopcheck is OK
01-15 17:37:39.258   703   871 D WifiNetworkMonitor: EVENT_WIFI_RSSI_CHANGED
01-15 17:37:39.258   703   871 E WifiNetworkMonitor: Not any Obervers!!!
01-15 17:37:39.761  1292  1392 I CPVoiceAgent: select: retrun 0
01-15 17:37:40.541  4013  4013 D ip_monitor-438: 192.168.1.207 dev wlan0 lladdr 74:56:3c:b4:6e:c9 PROBE
01-15 17:37:40.569  4014  4014 D ip_monitor-438: 192.168.1.207 dev wlan0 lladdr 74:56:3c:b4:6e:c9 REACHABLE
01-15 17:37:41.073  4015  4015 D ip_monitor-438: 192.168.1.1 dev wlan0 lladdr 00:22:07:a9:e4:58 STALE
01-15 17:37:41.263  1292  1392 I CPVoiceAgent: select: retrun 0
01-15 17:37:42.263   703   871 D WifiNetworkMonitor: EVENT_WIFI_RSSI_CHANGED
01-15 17:37:42.263   703   871 E WifiNetworkMonitor: Not any Obervers!!!
01-15 17:37:42.764  1292  1392 I CPVoiceAgent: select: retrun 0
01-15 17:37:42.920  4016  4016 I logcat  : type=1400 audit(0.0:58225): avc: denied { write } for name="logdr" dev="tmpfs" ino=377 scontext=u:r:su:s0 tcontext=u:object_r:logdr_socket:s0 tclass=sock_file permissive=1
01-15 17:37:43.385   528   569 D WCND    : is_cp2_alive_ok: open polling interface: /proc/mdbg/loopcheck, fd = 13
01-15 17:37:43.486   528   569 D WCND    : is_cp2_alive_ok: loop: /proc/mdbg/loopcheck is OK
01-15 17:37:44.265  1292  1392 I CPVoiceAgent: select: retrun 0
01-15 17:37:44.266   954   954 D NetworkController.WifiSignalController: Change in state from: connected=true,enabled=true,level=3,inetCondition=1,iconGroup=IconGroup(Wi-Fi Icons),activityIn=true,activityOut=true,rssi=-56,lastModified=01-15 17:37:34,ssid="atlas",isTransient=false,statusLabel=null
01-15 17:37:44.266   954   954 D NetworkController.WifiSignalController: 	to: connected=true,enabled=true,level=3,inetCondition=1,iconGroup=IconGroup(Wi-Fi Icons),activityIn=false,activityOut=false,rssi=-56,lastModified=01-15 17:37:34,ssid="atlas",isTransient=false,statusLabel=null
01-15 17:37:44.267   954   954 D Tile.WifiTile: onWifiSignalChanged enabled=true
01-15 17:37:44.267   954  1254 D Tile.WifiTile: handleUpdateState arg=null
01-15 17:37:44.268   954  1254 D Tile.WifiTile: handleUpdateState wifiConnected=truestate.icon=ResourceIcon[resId=0x7f080292]
01-15 17:37:45.269   954   954 D NetworkController.WifiSignalController: Change in state from: connected=true,enabled=true,level=3,inetCondition=1,iconGroup=IconGroup(Wi-Fi Icons),activityIn=false,activityOut=false,rssi=-56,lastModified=01-15 17:37:44,ssid="atlas",isTransient=false,statusLabel=null
01-15 17:37:45.269   954   954 D NetworkController.WifiSignalController: 	to: connected=true,enabled=true,level=3,inetCondition=1,iconGroup=IconGroup(Wi-Fi Icons),activityIn=true,activityOut=true,rssi=-56,lastModified=01-15 17:37:44,ssid="atlas",isTransient=false,statusLabel=null
01-15 17:37:45.270   954   954 D Tile.WifiTile: onWifiSignalChanged enabled=true
01-15 17:37:45.270   954  1254 D Tile.WifiTile: handleUpdateState arg=null
01-15 17:37:45.270   954  1254 D Tile.WifiTile: handleUpdateState wifiConnected=truestate.icon=ResourceIcon[resId=0x7f080292]
01-15 17:37:45.272   703   871 D WifiNetworkMonitor: EVENT_WIFI_RSSI_CHANGED
01-15 17:37:45.272   703   871 E WifiNetworkMonitor: Not any Obervers!!!
01-15 17:37:45.767  1292  1392 I CPVoiceAgent: select: retrun 0
01-15 17:37:47.269  1292  1392 I CPVoiceAgent: select: retrun 0
01-15 17:37:48.072   703   881 D DeviceStorageMonitorService: updateStateEx oldLevel = 0, newLevel = 0
01-15 17:37:48.278   703   871 D WifiNetworkMonitor: EVENT_WIFI_RSSI_CHANGED
01-15 17:37:48.279   703   871 E WifiNetworkMonitor: Not any Obervers!!!
01-15 17:37:48.491   528   569 D WCND    : is_cp2_alive_ok: open polling interface: /proc/mdbg/loopcheck, fd = 13
01-15 17:37:48.592   528   569 D WCND    : is_cp2_alive_ok: loop: /proc/mdbg/loopcheck is OK
01-15 17:37:48.772  1292  1392 I CPVoiceAgent: select: retrun 0
01-15 17:37:50.274  1292  1392 I CPVoiceAgent: select: retrun 0
01-15 17:37:51.285   703   871 D WifiNetworkMonitor: EVENT_WIFI_RSSI_CHANGED
01-15 17:37:51.285   703   871 E WifiNetworkMonitor: Not any Obervers!!!
01-15 17:37:51.776  1292  1392 I CPVoiceAgent: select: retrun 0
01-15 17:37:52.285   954   954 D NetworkController.WifiSignalController: Change in state from: connected=true,enabled=true,level=3,inetCondition=1,iconGroup=IconGroup(Wi-Fi Icons),activityIn=true,activityOut=true,rssi=-56,lastModified=01-15 17:37:45,ssid="atlas",isTransient=false,statusLabel=null
01-15 17:37:52.285   954   954 D NetworkController.WifiSignalController: 	to: connected=true,enabled=true,level=3,inetCondition=1,iconGroup=IconGroup(Wi-Fi Icons),activityIn=false,activityOut=false,rssi=-56,lastModified=01-15 17:37:45,ssid="atlas",isTransient=false,statusLabel=null
01-15 17:37:52.286   954   954 D Tile.WifiTile: onWifiSignalChanged enabled=true
01-15 17:37:52.286   954  1254 D Tile.WifiTile: handleUpdateState arg=null
01-15 17:37:52.286   954  1254 D Tile.WifiTile: handleUpdateState wifiConnected=truestate.icon=ResourceIcon[resId=0x7f080292]
01-15 17:37:53.278  1292  1392 I CPVoiceAgent: select: retrun 0
01-15 17:37:53.287   954   954 D NetworkController.WifiSignalController: Change in state from: connected=true,enabled=true,level=3,inetCondition=1,iconGroup=IconGroup(Wi-Fi Icons),activityIn=false,activityOut=false,rssi=-56,lastModified=01-15 17:37:52,ssid="atlas",isTransient=false,statusLabel=null
01-15 17:37:53.287   954   954 D NetworkController.WifiSignalController: 	to: connected=true,enabled=true,level=3,inetCondition=1,iconGroup=IconGroup(Wi-Fi Icons),activityIn=true,activityOut=true,rssi=-56,lastModified=01-15 17:37:52,ssid="atlas",isTransient=false,statusLabel=null
01-15 17:37:53.288   954   954 D Tile.WifiTile: onWifiSignalChanged enabled=true
01-15 17:37:53.288   954  1254 D Tile.WifiTile: handleUpdateState arg=null
01-15 17:37:53.289   954  1254 D Tile.WifiTile: handleUpdateState wifiConnected=truestate.icon=ResourceIcon[resId=0x7f080292]
01-15 17:37:53.598   528   569 D WCND    : is_cp2_alive_ok: open polling interface: /proc/mdbg/loopcheck, fd = 13
01-15 17:37:53.699   528   569 D WCND    : is_cp2_alive_ok: loop: /proc/mdbg/loopcheck is OK
01-15 17:37:54.292   703   871 D WifiNetworkMonitor: EVENT_WIFI_RSSI_CHANGED
01-15 17:37:54.292   703   871 E WifiNetworkMonitor: Not any Obervers!!!
01-15 17:37:54.780  1292  1392 I CPVoiceAgent: select: retrun 0
01-15 17:37:56.282  1292  1392 I CPVoiceAgent: select: retrun 0
01-15 17:37:56.294   954   954 D NetworkController.WifiSignalController: Change in state from: connected=true,enabled=true,level=3,inetCondition=1,iconGroup=IconGroup(Wi-Fi Icons),activityIn=true,activityOut=true,rssi=-56,lastModified=01-15 17:37:53,ssid="atlas",isTransient=false,statusLabel=null
01-15 17:37:56.294   954   954 D NetworkController.WifiSignalController: 	to: connected=true,enabled=true,level=3,inetCondition=1,iconGroup=IconGroup(Wi-Fi Icons),activityIn=false,activityOut=false,rssi=-56,lastModified=01-15 17:37:53,ssid="atlas",isTransient=false,statusLabel=null
01-15 17:37:56.295   954   954 D Tile.WifiTile: onWifiSignalChanged enabled=true
01-15 17:37:56.295   954  1254 D Tile.WifiTile: handleUpdateState arg=null
01-15 17:37:56.296   954  1254 D Tile.WifiTile: handleUpdateState wifiConnected=truestate.icon=ResourceIcon[resId=0x7f080292]
01-15 17:37:56.784   371   371 I memtrack@1.0-se: type=1400 audit(0.0:58226): avc: denied { read } for name="driver_stats" dev="debugfs" ino=14383 scontext=u:r:hal_memtrack_default:s0 tcontext=u:object_r:debugfs:s0 tclass=file permissive=1
01-15 17:37:56.784   371   371 I memtrack@1.0-se: type=1400 audit(0.0:58227): avc: denied { open } for path="/sys/kernel/debug/pvr/driver_stats" dev="debugfs" ino=14383 scontext=u:r:hal_memtrack_default:s0 tcontext=u:object_r:debugfs:s0 tclass=file permissive=1
01-15 17:37:56.784   371   371 I memtrack@1.0-se: type=1400 audit(0.0:58228): avc: denied { getattr } for path="/sys/kernel/debug/pvr/driver_stats" dev="debugfs" ino=14383 scontext=u:r:hal_memtrack_default:s0 tcontext=u:object_r:debugfs:s0 tclass=file permissive=1
01-15 17:37:56.784   371   371 I memtrack@1.0-se: type=1400 audit(0.0:58229): avc: denied { read } for name="heaps" dev="debugfs" ino=1051 scontext=u:r:hal_memtrack_default:s0 tcontext=u:object_r:debugfs:s0 tclass=dir permissive=1
01-15 17:37:56.784   371   371 I memtrack@1.0-se: type=1400 audit(0.0:58230): avc: denied { open } for path="/sys/kernel/debug/ion/heaps" dev="debugfs" ino=1051 scontext=u:r:hal_memtrack_default:s0 tcontext=u:object_r:debugfs:s0 tclass=dir permissive=1
01-15 17:37:56.790   371   371 W IMGMemtrackHAL: hal_get_memory: memtrack cache rebuild was required
01-15 17:37:56.791   371   371 E IMGMemtrackHAL: IonHeapBufferToRecords: Saw only garbage when skipping 'Table header' when parsing carveout_camera
01-15 17:37:57.297   954   954 D NetworkController.WifiSignalController: Change in state from: connected=true,enabled=true,level=3,inetCondition=1,iconGroup=IconGroup(Wi-Fi Icons),activityIn=false,activityOut=false,rssi=-56,lastModified=01-15 17:37:56,ssid="atlas",isTransient=false,statusLabel=null
01-15 17:37:57.297   954   954 D NetworkController.WifiSignalController: 	to: connected=true,enabled=true,level=3,inetCondition=1,iconGroup=IconGroup(Wi-Fi Icons),activityIn=true,activityOut=true,rssi=-56,lastModified=01-15 17:37:56,ssid="atlas",isTransient=false,statusLabel=null
01-15 17:37:57.298   954   954 D Tile.WifiTile: onWifiSignalChanged enabled=true
01-15 17:37:57.298   954  1254 D Tile.WifiTile: handleUpdateState arg=null
01-15 17:37:57.298   954  1254 D Tile.WifiTile: handleUpdateState wifiConnected=truestate.icon=ResourceIcon[resId=0x7f080292]
01-15 17:37:57.299   703   871 D WifiNetworkMonitor: EVENT_WIFI_RSSI_CHANGED
01-15 17:37:57.299   703   871 E WifiNetworkMonitor: Not any Obervers!!!
01-15 17:37:57.785  1292  1392 I CPVoiceAgent: select: retrun 0
01-15 17:37:58.705   528   569 D WCND    : is_cp2_alive_ok: open polling interface: /proc/mdbg/loopcheck, fd = 13
01-15 17:37:58.805   528   569 D WCND    : is_cp2_alive_ok: loop: /proc/mdbg/loopcheck is OK
01-15 17:37:59.287  1292  1392 I CPVoiceAgent: select: retrun 0
01-15 17:37:59.999   703   847 D AlarmManager: waitForAlarm result:8currentTime=1768495079999, elapsedRealtime=354875130
01-15 17:38:00.000   703   847 D AlarmManager: triggerAlarmsLocked firstBatch = firstWakeup : Batch{b6b075d num=1 start=355021504 end=355021504 flgs=0x5} mNextWakeup = 355021504
01-15 17:38:00.000   703   847 D BroadcastQueue: Add broadcast <BroadcastRecord{b81a8a0 u-1 android.intent.action.TIME_TICK}> into [ordered | foreground], pending size 0
01-15 17:38:00.000   703   847 D BroadcastQueue: Header is BroadcastRecord{b81a8a0 u-1 android.intent.action.TIME_TICK} now
01-15 17:38:00.001   703   847 D AlarmManager: sending alarm.type = 3, action = android.intent.action.TIME_TICK, cn = null, operation = PendingIntent{7b675da: PendingIntentRecord{134ca0b android broadcastIntent}}
01-15 17:38:00.001   703   847 D AlarmManagerService: set alarm to kernel: 355021.504000000, type=2 
01-15 17:38:00.002   703   703 V AlarmManager: set(PendingIntent{7b675da: PendingIntentRecord{134ca0b android broadcastIntent}}) : type=3 triggerAtTime=354935131 win=0 tElapsed=354935131 maxElapsed=354935131 interval=0 flags=0x1
01-15 17:38:00.002   703   703 D AlarmManagerService: set alarm to kernel: 355021.504000000, type=2 
01-15 17:38:00.002   703   703 D AlarmManagerService: set alarm to kernel: 354935.131000000, type=3 
01-15 17:38:00.003   954   954 D KeyguardUpdateMonitor: received broadcast android.intent.action.TIME_TICK
01-15 17:38:00.004   954   954 D KeyguardUpdateMonitor: handleTimeUpdate
01-15 17:38:00.004   954   954 D KeyguardStatusView: refeshFormat mClockView.getText()=
01-15 17:38:00.005   954   954 D KeyguardStatusView: refreshTime mClockView.getText()=
01-15 17:38:00.010   703 12444 D BroadcastQueue: Finished with ordered broadcast BroadcastRecord{b81a8a0 u-1 android.intent.action.TIME_TICK} receivers:(8) take 9ms in [foreground], remains 0
01-15 17:38:00.306   703   871 D WifiNetworkMonitor: EVENT_WIFI_RSSI_CHANGED
01-15 17:38:00.306   703   871 E WifiNetworkMonitor: Not any Obervers!!!
01-15 17:38:00.788  1292  1392 I CPVoiceAgent: select: retrun 0
01-15 17:38:01.306   954   954 D NetworkController.WifiSignalController: Change in state from: connected=true,enabled=true,level=3,inetCondition=1,iconGroup=IconGroup(Wi-Fi Icons),activityIn=true,activityOut=true,rssi=-56,lastModified=01-15 17:37:57,ssid="atlas",isTransient=false,statusLabel=null
01-15 17:38:01.306   954   954 D NetworkController.WifiSignalController: 	to: connected=true,enabled=true,level=3,inetCondition=1,iconGroup=IconGroup(Wi-Fi Icons),activityIn=false,activityOut=false,rssi=-56,lastModified=01-15 17:37:57,ssid="atlas",isTransient=false,statusLabel=null
01-15 17:38:01.307   954   954 D Tile.WifiTile: onWifiSignalChanged enabled=true
01-15 17:38:01.307   954  1254 D Tile.WifiTile: handleUpdateState arg=null
01-15 17:38:01.307   954  1254 D Tile.WifiTile: handleUpdateState wifiConnected=truestate.icon=ResourceIcon[resId=0x7f080292]
01-15 17:38:02.290  1292  1392 I CPVoiceAgent: select: retrun 0
01-15 17:38:02.309   954   954 D NetworkController.WifiSignalController: Change in state from: connected=true,enabled=true,level=3,inetCondition=1,iconGroup=IconGroup(Wi-Fi Icons),activityIn=false,activityOut=false,rssi=-56,lastModified=01-15 17:38:01,ssid="atlas",isTransient=false,statusLabel=null
01-15 17:38:02.309   954   954 D NetworkController.WifiSignalController: 	to: connected=true,enabled=true,level=3,inetCondition=1,iconGroup=IconGroup(Wi-Fi Icons),activityIn=true,activityOut=true,rssi=-56,lastModified=01-15 17:38:01,ssid="atlas",isTransient=false,statusLabel=null
01-15 17:38:02.309   954   954 D Tile.WifiTile: onWifiSignalChanged enabled=true
01-15 17:38:02.310   954  1254 D Tile.WifiTile: handleUpdateState arg=null
01-15 17:38:02.310   954  1254 D Tile.WifiTile: handleUpdateState wifiConnected=truestate.icon=ResourceIcon[resId=0x7f080292]
01-15 17:38:02.507   371   371 W IMGMemtrackHAL: hal_get_memory: memtrack cache rebuild was required
01-15 17:38:02.507   371   371 E IMGMemtrackHAL: IonHeapBufferToRecords: Saw only garbage when skipping 'Table header' when parsing carveout_camera
01-15 17:38:03.312   703   871 D WifiNetworkMonitor: EVENT_WIFI_RSSI_CHANGED
01-15 17:38:03.312   703   871 E WifiNetworkMonitor: Not any Obervers!!!
01-15 17:38:03.792  1292  1392 I CPVoiceAgent: select: retrun 0
01-15 17:38:03.811   528   569 D WCND    : is_cp2_alive_ok: open polling interface: /proc/mdbg/loopcheck, fd = 13
01-15 17:38:03.912   528   569 D WCND    : is_cp2_alive_ok: loop: /proc/mdbg/loopcheck is OK
01-15 17:38:04.313   954   954 D NetworkController.WifiSignalController: Change in state from: connected=true,enabled=true,level=3,inetCondition=1,iconGroup=IconGroup(Wi-Fi Icons),activityIn=true,activityOut=true,rssi=-56,lastModified=01-15 17:38:02,ssid="atlas",isTransient=false,statusLabel=null
01-15 17:38:04.313   954   954 D NetworkController.WifiSignalController: 	to: connected=true,enabled=true,level=3,inetCondition=1,iconGroup=IconGroup(Wi-Fi Icons),activityIn=false,activityOut=false,rssi=-56,lastModified=01-15 17:38:02,ssid="atlas",isTransient=false,statusLabel=null
01-15 17:38:04.314   954   954 D Tile.WifiTile: onWifiSignalChanged enabled=true
01-15 17:38:04.315   954  1254 D Tile.WifiTile: handleUpdateState arg=null
01-15 17:38:04.315   954  1254 D Tile.WifiTile: handleUpdateState wifiConnected=truestate.icon=ResourceIcon[resId=0x7f080292]
01-15 17:38:05.294  1292  1392 I CPVoiceAgent: select: retrun 0
01-15 17:38:05.315   954   954 D NetworkController.WifiSignalController: Change in state from: connected=true,enabled=true,level=3,inetCondition=1,iconGroup=IconGroup(Wi-Fi Icons),activityIn=false,activityOut=false,rssi=-56,lastModified=01-15 17:38:04,ssid="atlas",isTransient=false,statusLabel=null
01-15 17:38:05.315   954   954 D NetworkController.WifiSignalController: 	to: connected=true,enabled=true,level=3,inetCondition=1,iconGroup=IconGroup(Wi-Fi Icons),activityIn=true,activityOut=true,rssi=-56,lastModified=01-15 17:38:04,ssid="atlas",isTransient=false,statusLabel=null
01-15 17:38:05.316   954   954 D Tile.WifiTile: onWifiSignalChanged enabled=true
01-15 17:38:05.316   954  1254 D Tile.WifiTile: handleUpdateState arg=null
01-15 17:38:05.316   954  1254 D Tile.WifiTile: handleUpdateState wifiConnected=truestate.icon=ResourceIcon[resId=0x7f080292]
01-15 17:38:06.317   954   954 D NetworkController.WifiSignalController: Change in state from: connected=true,enabled=true,level=3,inetCondition=1,iconGroup=IconGroup(Wi-Fi Icons),activityIn=true,activityOut=true,rssi=-56,lastModified=01-15 17:38:05,ssid="atlas",isTransient=false,statusLabel=null
01-15 17:38:06.317   954   954 D NetworkController.WifiSignalController: 	to: connected=true,enabled=true,level=3,inetCondition=1,iconGroup=IconGroup(Wi-Fi Icons),activityIn=false,activityOut=false,rssi=-56,lastModified=01-15 17:38:05,ssid="atlas",isTransient=false,statusLabel=null
01-15 17:38:06.318   954   954 D Tile.WifiTile: onWifiSignalChanged enabled=true
01-15 17:38:06.319   954  1254 D Tile.WifiTile: handleUpdateState arg=null
01-15 17:38:06.319   954  1254 D Tile.WifiTile: handleUpdateState wifiConnected=truestate.icon=ResourceIcon[resId=0x7f080292]
01-15 17:38:06.320   703   871 D WifiNetworkMonitor: EVENT_WIFI_RSSI_CHANGED
01-15 17:38:06.320   703   871 E WifiNetworkMonitor: Not any Obervers!!!
01-15 17:38:06.796  1292  1392 I CPVoiceAgent: select: retrun 0
01-15 17:38:07.320   954   954 D NetworkController.WifiSignalController: Change in state from: connected=true,enabled=true,level=3,inetCondition=1,iconGroup=IconGroup(Wi-Fi Icons),activityIn=false,activityOut=false,rssi=-56,lastModified=01-15 17:38:06,ssid="atlas",isTransient=false,statusLabel=null
01-15 17:38:07.320   954   954 D NetworkController.WifiSignalController: 	to: connected=true,enabled=true,level=3,inetCondition=1,iconGroup=IconGroup(Wi-Fi Icons),activityIn=true,activityOut=true,rssi=-56,lastModified=01-15 17:38:06,ssid="atlas",isTransient=false,statusLabel=null
01-15 17:38:07.321   954   954 D Tile.WifiTile: onWifiSignalChanged enabled=true
01-15 17:38:07.321   954  1254 D Tile.WifiTile: handleUpdateState arg=null
01-15 17:38:07.321   954  1254 D Tile.WifiTile: handleUpdateState wifiConnected=truestate.icon=ResourceIcon[resId=0x7f080292]
01-15 17:38:08.298  1292  1392 I CPVoiceAgent: select: retrun 0
01-15 17:38:08.322   954   954 D NetworkController.WifiSignalController: Change in state from: connected=true,enabled=true,level=3,inetCondition=1,iconGroup=IconGroup(Wi-Fi Icons),activityIn=true,activityOut=true,rssi=-56,lastModified=01-15 17:38:07,ssid="atlas",isTransient=false,statusLabel=null
01-15 17:38:08.322   954   954 D NetworkController.WifiSignalController: 	to: connected=true,enabled=true,level=3,inetCondition=1,iconGroup=IconGroup(Wi-Fi Icons),activityIn=false,activityOut=false,rssi=-56,lastModified=01-15 17:38:07,ssid="atlas",isTransient=false,statusLabel=null
01-15 17:38:08.323   954   954 D Tile.WifiTile: onWifiSignalChanged enabled=true
01-15 17:38:08.323   954  1254 D Tile.WifiTile: handleUpdateState arg=null
01-15 17:38:08.324   954  1254 D Tile.WifiTile: handleUpdateState wifiConnected=truestate.icon=ResourceIcon[resId=0x7f080292]
01-15 17:38:08.917   528   569 D WCND    : is_cp2_alive_ok: open polling interface: /proc/mdbg/loopcheck, fd = 13
01-15 17:38:09.018   528   569 D WCND    : is_cp2_alive_ok: loop: /proc/mdbg/loopcheck is OK
01-15 17:38:09.325   954   954 D NetworkController.WifiSignalController: Change in state from: connected=true,enabled=true,level=3,inetCondition=1,iconGroup=IconGroup(Wi-Fi Icons),activityIn=false,activityOut=false,rssi=-56,lastModified=01-15 17:38:08,ssid="atlas",isTransient=false,statusLabel=null
01-15 17:38:09.325   954   954 D NetworkController.WifiSignalController: 	to: connected=true,enabled=true,level=3,inetCondition=1,iconGroup=IconGroup(Wi-Fi Icons),activityIn=true,activityOut=true,rssi=-56,lastModified=01-15 17:38:08,ssid="atlas",isTransient=false,statusLabel=null
01-15 17:38:09.326   954   954 D Tile.WifiTile: onWifiSignalChanged enabled=true
01-15 17:38:09.326   954  1254 D Tile.WifiTile: handleUpdateState arg=null
01-15 17:38:09.326   954  1254 D Tile.WifiTile: handleUpdateState wifiConnected=truestate.icon=ResourceIcon[resId=0x7f080292]
01-15 17:38:09.327   703   871 D WifiNetworkMonitor: EVENT_WIFI_RSSI_CHANGED
01-15 17:38:09.328   703   871 E WifiNetworkMonitor: Not any Obervers!!!
01-15 17:38:09.800  1292  1392 I CPVoiceAgent: select: retrun 0
01-15 17:38:11.303  1292  1392 I CPVoiceAgent: select: retrun 0
01-15 17:38:12.333   703   871 D WifiNetworkMonitor: EVENT_WIFI_RSSI_CHANGED
01-15 17:38:12.333   703   871 E WifiNetworkMonitor: Not any Obervers!!!
01-15 17:38:12.805  1292  1392 I CPVoiceAgent: select: retrun 0
01-15 17:38:13.024  4022  4022 D ip_monitor-438: 192.168.1.207 dev wlan0 lladdr 74:56:3c:b4:6e:c9 STALE
01-15 17:38:13.333   954   954 D NetworkController.WifiSignalController: Change in state from: connected=true,enabled=true,level=3,inetCondition=1,iconGroup=IconGroup(Wi-Fi Icons),activityIn=true,activityOut=true,rssi=-56,lastModified=01-15 17:38:09,ssid="atlas",isTransient=false,statusLabel=null
01-15 17:38:13.333   954   954 D NetworkController.WifiSignalController: 	to: connected=true,enabled=true,level=3,inetCondition=1,iconGroup=IconGroup(Wi-Fi Icons),activityIn=false,activityOut=false,rssi=-56,lastModified=01-15 17:38:09,ssid="atlas",isTransient=false,statusLabel=null
01-15 17:38:13.333   954   954 D Tile.WifiTile: onWifiSignalChanged enabled=true
01-15 17:38:13.334   954  1254 D Tile.WifiTile: handleUpdateState arg=null
01-15 17:38:13.334   954  1254 D Tile.WifiTile: handleUpdateState wifiConnected=truestate.icon=ResourceIcon[resId=0x7f080292]
01-15 17:38:14.020   528   569 D WCND    : is_cp2_alive_ok: open polling interface: /proc/mdbg/loopcheck, fd = 13
01-15 17:38:14.121   528   569 D WCND    : is_cp2_alive_ok: loop: /proc/mdbg/loopcheck is OK
01-15 17:38:14.307  1292  1392 I CPVoiceAgent: select: retrun 0
01-15 17:38:14.336   954   954 D NetworkController.WifiSignalController: Change in state from: connected=true,enabled=true,level=3,inetCondition=1,iconGroup=IconGroup(Wi-Fi Icons),activityIn=false,activityOut=false,rssi=-56,lastModified=01-15 17:38:13,ssid="atlas",isTransient=false,statusLabel=null
01-15 17:38:14.336   954   954 D NetworkController.WifiSignalController: 	to: connected=true,enabled=true,level=3,inetCondition=1,iconGroup=IconGroup(Wi-Fi Icons),activityIn=true,activityOut=true,rssi=-56,lastModified=01-15 17:38:13,ssid="atlas",isTransient=false,statusLabel=null
01-15 17:38:14.337   954   954 D Tile.WifiTile: onWifiSignalChanged enabled=true
01-15 17:38:14.337   954  1254 D Tile.WifiTile: handleUpdateState arg=null
01-15 17:38:14.337   954  1254 D Tile.WifiTile: handleUpdateState wifiConnected=truestate.icon=ResourceIcon[resId=0x7f080292]
01-15 17:38:15.339   703   871 D WifiNetworkMonitor: EVENT_WIFI_RSSI_CHANGED
01-15 17:38:15.339   703   871 E WifiNetworkMonitor: Not any Obervers!!!
01-15 17:38:15.809  1292  1392 I CPVoiceAgent: select: retrun 0
01-15 17:38:17.311  1292  1392 I CPVoiceAgent: select: retrun 0
01-15 17:38:18.344   954   954 D NetworkController.WifiSignalController: Change in state from: connected=true,enabled=true,level=3,inetCondition=1,iconGroup=IconGroup(Wi-Fi Icons),activityIn=true,activityOut=true,rssi=-56,lastModified=01-15 17:38:14,ssid="atlas",isTransient=false,statusLabel=null
01-15 17:38:18.344   954   954 D NetworkController.WifiSignalController: 	to: connected=true,enabled=true,level=3,inetCondition=1,iconGroup=IconGroup(Wi-Fi Icons),activityIn=false,activityOut=false,rssi=-56,lastModified=01-15 17:38:14,ssid="atlas",isTransient=false,statusLabel=null
01-15 17:38:18.345   954   954 D Tile.WifiTile: onWifiSignalChanged enabled=true
01-15 17:38:18.346   954  1254 D Tile.WifiTile: handleUpdateState arg=null
01-15 17:38:18.346   954  1254 D Tile.WifiTile: handleUpdateState wifiConnected=truestate.icon=ResourceIcon[resId=0x7f080292]
01-15 17:38:18.347   703   871 D WifiNetworkMonitor: EVENT_WIFI_RSSI_CHANGED
01-15 17:38:18.347   703   871 E WifiNetworkMonitor: Not any Obervers!!!
01-15 17:38:18.430  4023  4023 D ip_monitor-438: 192.168.1.207 dev wlan0 lladdr 74:56:3c:b4:6e:c9 PROBE
01-15 17:38:18.457  4024  4024 D ip_monitor-438: 192.168.1.207 dev wlan0 lladdr 74:56:3c:b4:6e:c9 REACHABLE
01-15 17:38:18.813  1292  1392 I CPVoiceAgent: select: retrun 0
01-15 17:38:19.126   528   569 D WCND    : is_cp2_alive_ok: open polling interface: /proc/mdbg/loopcheck, fd = 13
01-15 17:38:19.227   528   569 D WCND    : is_cp2_alive_ok: loop: /proc/mdbg/loopcheck is OK
01-15 17:38:20.316  1292  1392 I CPVoiceAgent: select: retrun 0
01-15 17:38:20.349   954   954 D NetworkController.WifiSignalController: Change in state from: connected=true,enabled=true,level=3,inetCondition=1,iconGroup=IconGroup(Wi-Fi Icons),activityIn=false,activityOut=false,rssi=-56,lastModified=01-15 17:38:18,ssid="atlas",isTransient=false,statusLabel=null
01-15 17:38:20.349   954   954 D NetworkController.WifiSignalController: 	to: connected=true,enabled=true,level=3,inetCondition=1,iconGroup=IconGroup(Wi-Fi Icons),activityIn=true,activityOut=true,rssi=-56,lastModified=01-15 17:38:18,ssid="atlas",isTransient=false,statusLabel=null
01-15 17:38:20.350   954   954 D Tile.WifiTile: onWifiSignalChanged enabled=true
01-15 17:38:20.350   954  1254 D Tile.WifiTile: handleUpdateState arg=null
01-15 17:38:20.351   954  1254 D Tile.WifiTile: handleUpdateState wifiConnected=truestate.icon=ResourceIcon[resId=0x7f080292]
01-15 17:38:21.354   703   871 D WifiNetworkMonitor: EVENT_WIFI_RSSI_CHANGED
01-15 17:38:21.354   703   871 E WifiNetworkMonitor: Not any Obervers!!!
01-15 17:38:21.818  1292  1392 I CPVoiceAgent: select: retrun 0
01-15 17:38:23.320  1292  1392 I CPVoiceAgent: select: retrun 0
01-15 17:38:24.233   528   569 D WCND    : is_cp2_alive_ok: open polling interface: /proc/mdbg/loopcheck, fd = 13
01-15 17:38:24.334   528   569 D WCND    : is_cp2_alive_ok: loop: /proc/mdbg/loopcheck is OK
01-15 17:38:24.361   703   871 D WifiNetworkMonitor: EVENT_WIFI_RSSI_CHANGED
01-15 17:38:24.361   703   871 E WifiNetworkMonitor: Not any Obervers!!!
01-15 17:38:24.822  1292  1392 I CPVoiceAgent: select: retrun 0
01-15 17:38:26.324  1292  1392 I CPVoiceAgent: select: retrun 0
01-15 17:38:27.365   954   954 D NetworkController.WifiSignalController: Change in state from: connected=true,enabled=true,level=3,inetCondition=1,iconGroup=IconGroup(Wi-Fi Icons),activityIn=true,activityOut=true,rssi=-56,lastModified=01-15 17:38:20,ssid="atlas",isTransient=false,statusLabel=null
01-15 17:38:27.365   954   954 D NetworkController.WifiSignalController: 	to: connected=true,enabled=true,level=3,inetCondition=1,iconGroup=IconGroup(Wi-Fi Icons),activityIn=false,activityOut=false,rssi=-56,lastModified=01-15 17:38:20,ssid="atlas",isTransient=false,statusLabel=null
01-15 17:38:27.366   954   954 D Tile.WifiTile: onWifiSignalChanged enabled=true
01-15 17:38:27.367   954  1254 D Tile.WifiTile: handleUpdateState arg=null
01-15 17:38:27.367   954  1254 D Tile.WifiTile: handleUpdateState wifiConnected=truestate.icon=ResourceIcon[resId=0x7f080292]
01-15 17:38:27.368   703   871 D WifiNetworkMonitor: EVENT_WIFI_RSSI_CHANGED
01-15 17:38:27.368   703   871 E WifiNetworkMonitor: Not any Obervers!!!
01-15 17:38:27.826  1292  1392 I CPVoiceAgent: select: retrun 0
01-15 17:38:28.368   954   954 D NetworkController.WifiSignalController: Change in state from: connected=true,enabled=true,level=3,inetCondition=1,iconGroup=IconGroup(Wi-Fi Icons),activityIn=false,activityOut=false,rssi=-56,lastModified=01-15 17:38:27,ssid="atlas",isTransient=false,statusLabel=null
01-15 17:38:28.368   954   954 D NetworkController.WifiSignalController: 	to: connected=true,enabled=true,level=3,inetCondition=1,iconGroup=IconGroup(Wi-Fi Icons),activityIn=true,activityOut=true,rssi=-56,lastModified=01-15 17:38:27,ssid="atlas",isTransient=false,statusLabel=null
01-15 17:38:28.369   954   954 D Tile.WifiTile: onWifiSignalChanged enabled=true
01-15 17:38:28.369   954  1254 D Tile.WifiTile: handleUpdateState arg=null
01-15 17:38:28.369   954  1254 D Tile.WifiTile: handleUpdateState wifiConnected=truestate.icon=ResourceIcon[resId=0x7f080292]
01-15 17:38:29.328  1292  1392 I CPVoiceAgent: select: retrun 0
01-15 17:38:29.340   528   569 D WCND    : is_cp2_alive_ok: open polling interface: /proc/mdbg/loopcheck, fd = 13
01-15 17:38:29.440   528   569 D WCND    : is_cp2_alive_ok: loop: /proc/mdbg/loopcheck is OK
01-15 17:38:30.375   703   871 D WifiNetworkMonitor: EVENT_WIFI_RSSI_CHANGED
01-15 17:38:30.375   703   871 E WifiNetworkMonitor: Not any Obervers!!!
01-15 17:38:30.664   447   481 E storaged: getDiskStats failed with result NOT_SUPPORTED and size 0
01-15 17:38:30.830  1292  1392 I CPVoiceAgent: select: retrun 0
01-15 17:38:32.333  1292  1392 I CPVoiceAgent: select: retrun 0
01-15 17:38:32.377   954   954 D NetworkController.WifiSignalController: Change in state from: connected=true,enabled=true,level=3,inetCondition=1,iconGroup=IconGroup(Wi-Fi Icons),activityIn=true,activityOut=true,rssi=-56,lastModified=01-15 17:38:28,ssid="atlas",isTransient=false,statusLabel=null
01-15 17:38:32.377   954   954 D NetworkController.WifiSignalController: 	to: connected=true,enabled=true,level=3,inetCondition=1,iconGroup=IconGroup(Wi-Fi Icons),activityIn=false,activityOut=false,rssi=-56,lastModified=01-15 17:38:28,ssid="atlas",isTransient=false,statusLabel=null
01-15 17:38:32.378   954   954 D Tile.WifiTile: onWifiSignalChanged enabled=true
01-15 17:38:32.379   954  1254 D Tile.WifiTile: handleUpdateState arg=null
01-15 17:38:32.379   954  1254 D Tile.WifiTile: handleUpdateState wifiConnected=truestate.icon=ResourceIcon[resId=0x7f080292]
01-15 17:38:33.379   954   954 D NetworkController.WifiSignalController: Change in state from: connected=true,enabled=true,level=3,inetCondition=1,iconGroup=IconGroup(Wi-Fi Icons),activityIn=false,activityOut=false,rssi=-56,lastModified=01-15 17:38:32,ssid="atlas",isTransient=false,statusLabel=null
01-15 17:38:33.379   954   954 D NetworkController.WifiSignalController: 	to: connected=true,enabled=true,level=3,inetCondition=1,iconGroup=IconGroup(Wi-Fi Icons),activityIn=true,activityOut=true,rssi=-56,lastModified=01-15 17:38:32,ssid="atlas",isTransient=false,statusLabel=null
01-15 17:38:33.380   954   954 D Tile.WifiTile: onWifiSignalChanged enabled=true
01-15 17:38:33.381   954  1254 D Tile.WifiTile: handleUpdateState arg=null
01-15 17:38:33.381   954  1254 D Tile.WifiTile: handleUpdateState wifiConnected=truestate.icon=ResourceIcon[resId=0x7f080292]
01-15 17:38:33.382   703   871 D WifiNetworkMonitor: EVENT_WIFI_RSSI_CHANGED
01-15 17:38:33.382   703   871 E WifiNetworkMonitor: Not any Obervers!!!
01-15 17:38:33.835  1292  1392 I CPVoiceAgent: select: retrun 0
01-15 17:38:34.446   528   569 D WCND    : is_cp2_alive_ok: open polling interface: /proc/mdbg/loopcheck, fd = 13
01-15 17:38:34.547   528   569 D WCND    : is_cp2_alive_ok: loop: /proc/mdbg/loopcheck is OK
01-15 17:38:35.337  1292  1392 I CPVoiceAgent: select: retrun 0
01-15 17:38:36.389   703   874 D ConnectivityService: receive EVENT_NETWORK_CAPABILITIES_CHANGED 
01-15 17:38:36.389   703   874 D ConnectivityService: notifyType CALLBACK_CAP_CHANGED for NetworkAgentInfo [WIFI () - 163]
01-15 17:38:36.390   703   874 D ConnectivityService:  sending notification for NetworkRequest [ REQUEST id=1, [ Capabilities: INTERNET&NOT_RESTRICTED&TRUSTED&NOT_VPN Unwanted: ] ]
01-15 17:38:36.390   703   874 D ConnectivityService:  sending notification for NetworkRequest [ LISTEN id=3, [] ]
01-15 17:38:36.390   703   874 D ConnectivityService: sending notification CALLBACK_CAP_CHANGED for NetworkRequest [ LISTEN id=3, [] ]
01-15 17:38:36.390   703   869 D BroadcastQueue: Add broadcast <BroadcastRecord{355bc59 u-1 android.net.wifi.RSSI_CHANGED}> into [parallel | background], pending size 0
01-15 17:38:36.390   703   874 D ConnectivityService:  sending notification for NetworkRequest [ LISTEN id=4, [ Capabilities: NOT_RESTRICTED&TRUSTED&NOT_VPN Unwanted:  Uid: 1000] ]
01-15 17:38:36.390   703   874 D ConnectivityService: sending notification CALLBACK_CAP_CHANGED for NetworkRequest [ LISTEN id=4, [ Capabilities: NOT_RESTRICTED&TRUSTED&NOT_VPN Unwanted:  Uid: 1000] ]
01-15 17:38:36.390   703   874 D ConnectivityService:  sending notification for NetworkRequest [ TRACK_DEFAULT id=6, [ Capabilities: INTERNET&NOT_RESTRICTED&TRUSTED Unwanted:  Uid: 1000] ]
01-15 17:38:36.390   703   874 D ConnectivityService: sending notification CALLBACK_CAP_CHANGED for NetworkRequest [ TRACK_DEFAULT id=6, [ Capabilities: INTERNET&NOT_RESTRICTED&TRUSTED Unwanted:  Uid: 1000] ]
01-15 17:38:36.390   703   874 D ConnectivityService:  sending notification for NetworkRequest [ LISTEN id=7, [ Capabilities: INTERNET&NOT_RESTRICTED&TRUSTED&VALIDATED Unwanted:  Uid: 1000] ]
01-15 17:38:36.390   703   718 D BroadcastQueue: Done with parallel broadcast [background] [BroadcastRecord{355bc59 u-1 android.net.wifi.RSSI_CHANGED}]
01-15 17:38:36.390   703   874 D ConnectivityService: sending notification CALLBACK_CAP_CHANGED for NetworkRequest [ LISTEN id=7, [ Capabilities: INTERNET&NOT_RESTRICTED&TRUSTED&VALIDATED Unwanted:  Uid: 1000] ]
01-15 17:38:36.391   703   874 D ConnectivityService:  sending notification for NetworkRequest [ LISTEN id=8, [ Transports: WIFI Capabilities: NOT_VPN Unwanted: ] ]
01-15 17:38:36.391   703   874 D ConnectivityService: sending notification CALLBACK_CAP_CHANGED for NetworkRequest [ LISTEN id=8, [ Transports: WIFI Capabilities: NOT_VPN Unwanted: ] ]
01-15 17:38:36.391   703   871 D WifiNetworkMonitor: EVENT_WIFI_RSSI_CHANGED
01-15 17:38:36.391   703   871 E WifiNetworkMonitor: Not any Obervers!!!
01-15 17:38:36.391   703   874 D ConnectivityService:  sending notification for NetworkRequest [ TRACK_DEFAULT id=9, [ Capabilities: INTERNET&NOT_RESTRICTED&TRUSTED Unwanted:  Uid: 10026] ]
01-15 17:38:36.391   703   874 D ConnectivityService: sending notification CALLBACK_CAP_CHANGED for NetworkRequest [ TRACK_DEFAULT id=9, [ Capabilities: INTERNET&NOT_RESTRICTED&TRUSTED Unwanted:  Uid: 10026] ]
01-15 17:38:36.392   703   874 D ConnectivityService:  sending notification for NetworkRequest [ LISTEN id=10, [] ]
01-15 17:38:36.392   703   874 D ConnectivityService: sending notification CALLBACK_CAP_CHANGED for NetworkRequest [ LISTEN id=10, [] ]
01-15 17:38:36.394   954  1254 D NetworkController.WifiSignalController: Change in state from: connected=true,enabled=true,level=3,inetCondition=1,iconGroup=IconGroup(Wi-Fi Icons),activityIn=true,activityOut=true,rssi=-56,lastModified=01-15 17:38:33,ssid="atlas",isTransient=false,statusLabel=null
01-15 17:38:36.394   954  1254 D NetworkController.WifiSignalController: 	to: connected=true,enabled=true,level=4,inetCondition=1,iconGroup=IconGroup(Wi-Fi Icons),activityIn=true,activityOut=true,rssi=-55,lastModified=01-15 17:38:33,ssid="atlas",isTransient=false,statusLabel=null
01-15 17:38:36.395   954  1254 D NetworkController: WifiManager.RSSI_CHANGED_ACTION mVoWifiRegistered = false
01-15 17:38:36.395   954  1254 D NetworkController: refreshVoWiFiIndicators show = false
01-15 17:38:36.395   954  1254 D NetworkController: wifiLev = 4
01-15 17:38:36.395   954  1254 D NetworkController: wifiLev = 4
01-15 17:38:36.396   954   954 D Tile.WifiTile: onWifiSignalChanged enabled=true
01-15 17:38:36.396   954  1254 D Tile.WifiTile: handleUpdateState arg=null
01-15 17:38:36.396   954   954 D StatusBarSignalPolicy: state.mVowifiConnected = falsestate.mVoWifiId = 2131231755
01-15 17:38:36.397   954  1254 D Tile.WifiTile: handleUpdateState wifiConnected=truestate.icon=ResourceIcon[resId=0x7f080293]
01-15 17:38:36.460  4027  4027 I sh      : type=1400 audit(0.0:58231): avc: denied { write search } for name="tmp" dev="mmcblk0p36" ino=65 scontext=u:r:su:s0 tcontext=u:object_r:shell_data_file:s0 tclass=dir permissive=1
01-15 17:38:36.460  4027  4027 I sh      : type=1400 audit(0.0:58232): avc: denied { getattr } for path="/data/local/tmp" dev="mmcblk0p36" ino=65 scontext=u:r:su:s0 tcontext=u:object_r:shell_data_file:s0 tclass=dir permissive=1
01-15 17:38:36.466  4026  4026 D ip_monitor-438: 192.168.1.1 dev wlan0 lladdr 00:22:07:a9:e4:58 STALE
01-15 17:38:36.480  4027  4027 I logcat  : type=1400 audit(0.0:58233): avc: denied { connectto } for path="/dev/socket/logdr" scontext=u:r:su:s0 tcontext=u:r:logd:s0 tclass=unix_stream_socket permissive=1
01-15 17:38:36.807   405   676 D ENGPC   : parse_event: event { 'change', '/devices/platform/battery/power_supply/battery', 'power_supply', '' }
01-15 17:38:36.808   516   643 I ThermalChargeDetect: charge status: Discharging
01-15 17:38:36.810   396   396 D Power-HealthInfoCallback: Update charge status to: 0
01-15 17:38:36.812   703   703 D BroadcastQueue: Add broadcast <BroadcastRecord{ba801e u-1 android.intent.action.BATTERY_CHANGED}> into [parallel | background], pending size 0
01-15 17:38:36.814   954   954 D KeyguardUpdateMonitor: received broadcast android.intent.action.BATTERY_CHANGED
01-15 17:38:36.815   703   718 D BroadcastQueue: Done with parallel broadcast [background] [BroadcastRecord{ba801e u-1 android.intent.action.BATTERY_CHANGED}]
01-15 17:38:36.815   703  1040 D PowerController: isInVideoCallOrNormalCall:mModeConfigIndex:2,preModeConfigIndex = 2
01-15 17:38:36.816   954   954 D BatteryMeterDrawable: onBatteryLevelChanged level=58,pluggedIn=false,charging=false
01-15 17:38:36.816   954   954 I chatty  : uid=10026(com.android.systemui) identical 1 line
01-15 17:38:36.817   954   954 D BatteryMeterDrawable: onBatteryLevelChanged level=58,pluggedIn=false,charging=false
01-15 17:38:36.817   954   954 D PowerUI : buckets   .....20 .. 15 .. 5
01-15 17:38:36.817   954   954 D PowerUI : level          58 --> 58
01-15 17:38:36.817   954   954 D PowerUI : status         3 --> 3
01-15 17:38:36.817   954   954 D PowerUI : plugType       0 --> 0
01-15 17:38:36.817   954   954 D PowerUI : invalidCharger 0 --> 0
01-15 17:38:36.818   954   954 D PowerUI : bucket         1 --> 1
01-15 17:38:36.818   954   954 D PowerUI : plugged        false --> false
01-15 17:38:36.818   954   954 D PowerUI : health         2 --> 2
01-15 17:38:36.818   954   954 D PowerUI : to dismissCriticalBatteryWarningDialog
01-15 17:38:36.818   954   954 D BatteryMeterDrawable: onReceive action=android.intent.action.BATTERY_CHANGED
01-15 17:38:36.818   954   954 D BatteryMeterDrawable: onReceive level=58,plugType=0,status=3
01-15 17:38:36.818   954   954 D BatteryMeterDrawable: BatteryMeterViewAnimationShow level should be =58
01-15 17:38:36.818   954   954 D BatteryMeterDrawable: onReceive action=android.intent.action.BATTERY_CHANGED
01-15 17:38:36.818   954   954 D BatteryMeterDrawable: onReceive level=58,plugType=0,status=3
01-15 17:38:36.819   954   954 D BatteryMeterDrawable: BatteryMeterViewAnimationShow level should be =58
01-15 17:38:36.819   954   954 D KeyguardUpdateMonitor: handleBatteryUpdate
01-15 17:38:36.819   954   954 D BatteryMeterDrawable: onReceive action=android.intent.action.BATTERY_CHANGED
01-15 17:38:36.819   954   954 D BatteryMeterDrawable: onReceive level=58,plugType=0,status=3
01-15 17:38:36.819   954   954 D BatteryMeterDrawable: BatteryMeterViewAnimationShow level should be =58
01-15 17:38:36.839  1292  1392 I CPVoiceAgent: select: retrun 0
01-15 17:38:38.341  1292  1392 I CPVoiceAgent: select: retrun 0
01-15 17:38:39.396   703   874 D ConnectivityService: receive EVENT_NETWORK_CAPABILITIES_CHANGED 
01-15 17:38:39.396   703   874 D ConnectivityService: notifyType CALLBACK_CAP_CHANGED for NetworkAgentInfo [WIFI () - 163]
01-15 17:38:39.396   703   874 D ConnectivityService:  sending notification for NetworkRequest [ REQUEST id=1, [ Capabilities: INTERNET&NOT_RESTRICTED&TRUSTED&NOT_VPN Unwanted: ] ]
01-15 17:38:39.397   703   874 D ConnectivityService:  sending notification for NetworkRequest [ LISTEN id=3, [] ]
01-15 17:38:39.397   703   874 D ConnectivityService: sending notification CALLBACK_CAP_CHANGED for NetworkRequest [ LISTEN id=3, [] ]
01-15 17:38:39.397   703   869 D BroadcastQueue: Add broadcast <BroadcastRecord{7a5e0ff u-1 android.net.wifi.RSSI_CHANGED}> into [parallel | background], pending size 0
01-15 17:38:39.397   703   874 D ConnectivityService:  sending notification for NetworkRequest [ LISTEN id=4, [ Capabilities: NOT_RESTRICTED&TRUSTED&NOT_VPN Unwanted:  Uid: 1000] ]
01-15 17:38:39.397   703   874 D ConnectivityService: sending notification CALLBACK_CAP_CHANGED for NetworkRequest [ LISTEN id=4, [ Capabilities: NOT_RESTRICTED&TRUSTED&NOT_VPN Unwanted:  Uid: 1000] ]
01-15 17:38:39.397   703   874 D ConnectivityService:  sending notification for NetworkRequest [ TRACK_DEFAULT id=6, [ Capabilities: INTERNET&NOT_RESTRICTED&TRUSTED Unwanted:  Uid: 1000] ]
01-15 17:38:39.397   703   871 D WifiNetworkMonitor: EVENT_WIFI_RSSI_CHANGED
