01-15 17:38:39.397   703   871 E WifiNetworkMonitor: Not any Obervers!!!
01-15 17:38:39.397   703   874 D ConnectivityService: sending notification CALLBACK_CAP_CHANGED for NetworkRequest [ TRACK_DEFAULT id=6, [ Capabilities: INTERNET&NOT_RESTRICTED&TRUSTED Unwanted:  Uid: 1000] ]
01-15 17:38:39.397   703   718 D BroadcastQueue: Done with parallel broadcast [background] [BroadcastRecord{7a5e0ff u-1 android.net.wifi.RSSI_CHANGED}]
01-15 17:38:39.397   703   874 D ConnectivityService:  sending notification for NetworkRequest [ LISTEN id=7, [ Capabilities: INTERNET&NOT_RESTRICTED&TRUSTED&VALIDATED Unwanted:  Uid: 1000] ]
01-15 17:38:39.398   703   874 D ConnectivityService: sending notification CALLBACK_CAP_CHANGED for NetworkRequest [ LISTEN id=7, [ Capabilities: INTERNET&NOT_RESTRICTED&TRUSTED&VALIDATED Unwanted:  Uid: 1000] ]
01-15 17:38:39.398   703   874 D ConnectivityService:  sending notification for NetworkRequest [ LISTEN id=8, [ Transports: WIFI Capabilities: NOT_VPN Unwanted: ] ]
01-15 17:38:39.398   703   874 D ConnectivityService: sending notification CALLBACK_CAP_CHANGED for NetworkRequest [ LISTEN id=8, [ Transports: WIFI Capabilities: NOT_VPN Unwanted: ] ]
01-15 17:38:39.398   703   874 D ConnectivityService:  sending notification for NetworkRequest [ TRACK_DEFAULT id=9, [ Capabilities: INTERNET&NOT_RESTRICTED&TRUSTED Unwanted:  Uid: 10026] ]
01-15 17:38:39.398   703   874 D ConnectivityService: sending notification CALLBACK_CAP_CHANGED for NetworkRequest [ TRACK_DEFAULT id=9, [ Capabilities: INTERNET&NOT_RESTRICTED&TRUSTED Unwanted:  Uid: 10026] ]
01-15 17:38:39.399   703   874 D ConnectivityService:  sending notification for NetworkRequest [ LISTEN id=10, [] ]
01-15 17:38:39.399   703   874 D ConnectivityService: sending notification CALLBACK_CAP_CHANGED for NetworkRequest [ LISTEN id=10, [] ]
01-15 17:38:39.401   954  1254 D NetworkController.WifiSignalController: Change in state from: connected=true,enabled=true,level=4,inetCondition=1,iconGroup=IconGroup(Wi-Fi Icons),activityIn=true,activityOut=true,rssi=-55,lastModified=01-15 17:38:36,ssid="atlas",isTransient=false,statusLabel=null
01-15 17:38:39.401   954  1254 D NetworkController.WifiSignalController: 	to: connected=true,enabled=true,level=3,inetCondition=1,iconGroup=IconGroup(Wi-Fi Icons),activityIn=true,activityOut=true,rssi=-57,lastModified=01-15 17:38:36,ssid="atlas",isTransient=false,statusLabel=null
01-15 17:38:39.401   954   954 D NetworkController.WifiSignalController: Change in state from: connected=true,enabled=true,level=4,inetCondition=1,iconGroup=IconGroup(Wi-Fi Icons),activityIn=true,activityOut=true,rssi=-55,lastModified=01-15 17:38:36,ssid="atlas",isTransient=false,statusLabel=null
01-15 17:38:39.401   954   954 D NetworkController.WifiSignalController: 	to: connected=true,enabled=true,level=3,inetCondition=1,iconGroup=IconGroup(Wi-Fi Icons),activityIn=true,activityOut=true,rssi=-57,lastModified=01-15 17:38:36,ssid="atlas",isTransient=false,statusLabel=null
01-15 17:38:39.401   954  1254 D NetworkController: WifiManager.RSSI_CHANGED_ACTION mVoWifiRegistered = false
01-15 17:38:39.401   954  1254 D NetworkController: refreshVoWiFiIndicators show = false
01-15 17:38:39.401   954  1254 D NetworkController: wifiLev = 3
01-15 17:38:39.401   954  1254 D NetworkController: wifiLev = 3
01-15 17:38:39.403   954   954 D Tile.WifiTile: onWifiSignalChanged enabled=true
01-15 17:38:39.403   954  1254 D Tile.WifiTile: handleUpdateState arg=null
01-15 17:38:39.403   954   954 D Tile.WifiTile: onWifiSignalChanged enabled=true
01-15 17:38:39.403   954   954 D StatusBarSignalPolicy: state.mVowifiConnected = falsestate.mVoWifiId = 2131231755
01-15 17:38:39.403   954  1254 D Tile.WifiTile: handleUpdateState wifiConnected=truestate.icon=ResourceIcon[resId=0x7f080292]
01-15 17:38:39.404   954  1254 D Tile.WifiTile: handleUpdateState arg=null
01-15 17:38:39.404   954  1254 D Tile.WifiTile: handleUpdateState wifiConnected=truestate.icon=ResourceIcon[resId=0x7f080292]
01-15 17:38:39.553   528   569 D WCND    : is_cp2_alive_ok: open polling interface: /proc/mdbg/loopcheck, fd = 13
01-15 17:38:39.654   528   569 D WCND    : is_cp2_alive_ok: loop: /proc/mdbg/loopcheck is OK
01-15 17:38:39.843  1292  1392 I CPVoiceAgent: select: retrun 0
01-15 17:38:41.346  1292  1392 I CPVoiceAgent: select: retrun 0
01-15 17:38:42.404   703   871 D WifiNetworkMonitor: EVENT_WIFI_RSSI_CHANGED
01-15 17:38:42.404   703   871 E WifiNetworkMonitor: Not any Obervers!!!
01-15 17:38:42.848  1292  1392 I CPVoiceAgent: select: retrun 0
01-15 17:38:44.350  1292  1392 I CPVoiceAgent: select: retrun 0
01-15 17:38:44.403   954   954 D NetworkController.WifiSignalController: Change in state from: connected=true,enabled=true,level=3,inetCondition=1,iconGroup=IconGroup(Wi-Fi Icons),activityIn=true,activityOut=true,rssi=-57,lastModified=01-15 17:38:39,ssid="atlas",isTransient=false,statusLabel=null
01-15 17:38:44.403   954   954 D NetworkController.WifiSignalController: 	to: connected=true,enabled=true,level=3,inetCondition=1,iconGroup=IconGroup(Wi-Fi Icons),activityIn=true,activityOut=false,rssi=-57,lastModified=01-15 17:38:39,ssid="atlas",isTransient=false,statusLabel=null
01-15 17:38:44.403   954   954 D Tile.WifiTile: onWifiSignalChanged enabled=true
01-15 17:38:44.404   954  1254 D Tile.WifiTile: handleUpdateState arg=null
01-15 17:38:44.404   954  1254 D Tile.WifiTile: handleUpdateState wifiConnected=truestate.icon=ResourceIcon[resId=0x7f080292]
01-15 17:38:44.659   528   569 D WCND    : is_cp2_alive_ok: open polling interface: /proc/mdbg/loopcheck, fd = 13
01-15 17:38:44.760   528   569 D WCND    : is_cp2_alive_ok: loop: /proc/mdbg/loopcheck is OK
01-15 17:38:45.405   954   954 D NetworkController.WifiSignalController: Change in state from: connected=true,enabled=true,level=3,inetCondition=1,iconGroup=IconGroup(Wi-Fi Icons),activityIn=true,activityOut=false,rssi=-57,lastModified=01-15 17:38:44,ssid="atlas",isTransient=false,statusLabel=null
01-15 17:38:45.405   954   954 D NetworkController.WifiSignalController: 	to: connected=true,enabled=true,level=3,inetCondition=1,iconGroup=IconGroup(Wi-Fi Icons),activityIn=true,activityOut=true,rssi=-57,lastModified=01-15 17:38:44,ssid="atlas",isTransient=false,statusLabel=null
01-15 17:38:45.406   954   954 D Tile.WifiTile: onWifiSignalChanged enabled=true
01-15 17:38:45.406   954  1254 D Tile.WifiTile: handleUpdateState arg=null
01-15 17:38:45.406   954  1254 D Tile.WifiTile: handleUpdateState wifiConnected=truestate.icon=ResourceIcon[resId=0x7f080292]
01-15 17:38:45.412   703   871 D WifiNetworkMonitor: EVENT_WIFI_RSSI_CHANGED
01-15 17:38:45.412   703   871 E WifiNetworkMonitor: Not any Obervers!!!
01-15 17:38:45.852  1292  1392 I CPVoiceAgent: select: retrun 0
01-15 17:38:47.354  1292  1392 I CPVoiceAgent: select: retrun 0
01-15 17:38:48.085   703   881 D DeviceStorageMonitorService: updateStateEx oldLevel = 0, newLevel = 0
01-15 17:38:48.412   954   954 D NetworkController.WifiSignalController: Change in state from: connected=true,enabled=true,level=3,inetCondition=1,iconGroup=IconGroup(Wi-Fi Icons),activityIn=true,activityOut=true,rssi=-57,lastModified=01-15 17:38:45,ssid="atlas",isTransient=false,statusLabel=null
01-15 17:38:48.412   954   954 D NetworkController.WifiSignalController: 	to: connected=true,enabled=true,level=3,inetCondition=1,iconGroup=IconGroup(Wi-Fi Icons),activityIn=false,activityOut=false,rssi=-57,lastModified=01-15 17:38:45,ssid="atlas",isTransient=false,statusLabel=null
01-15 17:38:48.413   954   954 D Tile.WifiTile: onWifiSignalChanged enabled=true
01-15 17:38:48.413   954  1254 D Tile.WifiTile: handleUpdateState arg=null
01-15 17:38:48.413   954  1254 D Tile.WifiTile: handleUpdateState wifiConnected=truestate.icon=ResourceIcon[resId=0x7f080292]
01-15 17:38:48.420   703   871 D WifiNetworkMonitor: EVENT_WIFI_RSSI_CHANGED
01-15 17:38:48.420   703   871 E WifiNetworkMonitor: Not any Obervers!!!
01-15 17:38:48.857  1292  1392 I CPVoiceAgent: select: retrun 0
01-15 17:38:49.414   954   954 D NetworkController.WifiSignalController: Change in state from: connected=true,enabled=true,level=3,inetCondition=1,iconGroup=IconGroup(Wi-Fi Icons),activityIn=false,activityOut=false,rssi=-57,lastModified=01-15 17:38:48,ssid="atlas",isTransient=false,statusLabel=null
01-15 17:38:49.414   954   954 D NetworkController.WifiSignalController: 	to: connected=true,enabled=true,level=3,inetCondition=1,iconGroup=IconGroup(Wi-Fi Icons),activityIn=true,activityOut=true,rssi=-57,lastModified=01-15 17:38:48,ssid="atlas",isTransient=false,statusLabel=null
01-15 17:38:49.415   954   954 D Tile.WifiTile: onWifiSignalChanged enabled=true
01-15 17:38:49.415   954  1254 D Tile.WifiTile: handleUpdateState arg=null
01-15 17:38:49.416   954  1254 D Tile.WifiTile: handleUpdateState wifiConnected=truestate.icon=ResourceIcon[resId=0x7f080292]
01-15 17:38:49.766   528   569 D WCND    : is_cp2_alive_ok: open polling interface: /proc/mdbg/loopcheck, fd = 13
01-15 17:38:49.867   528   569 D WCND    : is_cp2_alive_ok: loop: /proc/mdbg/loopcheck is OK
01-15 17:38:50.359  1292  1392 I CPVoiceAgent: select: retrun 0
01-15 17:38:50.417   954   954 D NetworkController.WifiSignalController: Change in state from: connected=true,enabled=true,level=3,inetCondition=1,iconGroup=IconGroup(Wi-Fi Icons),activityIn=true,activityOut=true,rssi=-57,lastModified=01-15 17:38:49,ssid="atlas",isTransient=false,statusLabel=null
01-15 17:38:50.417   954   954 D NetworkController.WifiSignalController: 	to: connected=true,enabled=true,level=3,inetCondition=1,iconGroup=IconGroup(Wi-Fi Icons),activityIn=false,activityOut=false,rssi=-57,lastModified=01-15 17:38:49,ssid="atlas",isTransient=false,statusLabel=null
01-15 17:38:50.417   954   954 D Tile.WifiTile: onWifiSignalChanged enabled=true
01-15 17:38:50.418   954  1254 D Tile.WifiTile: handleUpdateState arg=null
01-15 17:38:50.418   954  1254 D Tile.WifiTile: handleUpdateState wifiConnected=truestate.icon=ResourceIcon[resId=0x7f080292]
01-15 17:38:51.420   954   954 D NetworkController.WifiSignalController: Change in state from: connected=true,enabled=true,level=3,inetCondition=1,iconGroup=IconGroup(Wi-Fi Icons),activityIn=false,activityOut=false,rssi=-57,lastModified=01-15 17:38:50,ssid="atlas",isTransient=false,statusLabel=null
01-15 17:38:51.420   954   954 D NetworkController.WifiSignalController: 	to: connected=true,enabled=true,level=3,inetCondition=1,iconGroup=IconGroup(Wi-Fi Icons),activityIn=true,activityOut=true,rssi=-57,lastModified=01-15 17:38:50,ssid="atlas",isTransient=false,statusLabel=null
01-15 17:38:51.420   954   954 D Tile.WifiTile: onWifiSignalChanged enabled=true
01-15 17:38:51.421   954  1254 D Tile.WifiTile: handleUpdateState arg=null
01-15 17:38:51.421   954  1254 D Tile.WifiTile: handleUpdateState wifiConnected=truestate.icon=ResourceIcon[resId=0x7f080292]
01-15 17:38:51.428   703   871 D WifiNetworkMonitor: EVENT_WIFI_RSSI_CHANGED
01-15 17:38:51.428   703   871 E WifiNetworkMonitor: Not any Obervers!!!
01-15 17:38:51.861  1292  1392 I CPVoiceAgent: select: retrun 0
01-15 17:38:53.252  4035  4035 I sh      : type=1400 audit(0.0:58234): avc: denied { getattr } for path="/system/bin/toybox" dev="dm-0" ino=592 scontext=u:r:su:s0 tcontext=u:object_r:toolbox_exec:s0 tclass=file permissive=1
01-15 17:38:53.252  4035  4035 I sh      : type=1400 audit(0.0:58235): avc: denied { execute } for name="toybox" dev="dm-0" ino=592 scontext=u:r:su:s0 tcontext=u:object_r:toolbox_exec:s0 tclass=file permissive=1
01-15 17:38:53.252  4035  4035 I sh      : type=1400 audit(0.0:58236): avc: denied { read open } for path="/system/bin/toybox" dev="dm-0" ino=592 scontext=u:r:su:s0 tcontext=u:object_r:toolbox_exec:s0 tclass=file permissive=1
01-15 17:38:53.256  4035  4035 I sh      : type=1400 audit(0.0:58237): avc: denied { execute_no_trans } for path="/system/bin/toybox" dev="dm-0" ino=592 scontext=u:r:su:s0 tcontext=u:object_r:toolbox_exec:s0 tclass=file permissive=1
01-15 17:38:53.280  4035  4035 I ls      : type=1400 audit(0.0:58238): avc: denied { getattr } for path="/data/tombstones" dev="mmcblk0p36" ino=74 scontext=u:r:su:s0 tcontext=u:object_r:tombstone_data_file:s0 tclass=dir permissive=1
01-15 17:38:53.280  4035  4035 I ls      : type=1400 audit(0.0:58239): avc: denied { read } for name="tombstones" dev="mmcblk0p36" ino=74 scontext=u:r:su:s0 tcontext=u:object_r:tombstone_data_file:s0 tclass=dir permissive=1
01-15 17:38:53.363  1292  1392 I CPVoiceAgent: select: retrun 0
01-15 17:38:53.565   703   713 I system_server: Background concurrent copying GC freed 188833(7MB) AllocSpace objects, 43(1352KB) LOS objects, 42% free, 14MB/25MB, paused 320us total 133.101ms
01-15 17:38:54.436   703   871 D WifiNetworkMonitor: EVENT_WIFI_RSSI_CHANGED
01-15 17:38:54.436   703   871 E WifiNetworkMonitor: Not any Obervers!!!
01-15 17:38:54.864  1292  1392 I CPVoiceAgent: select: retrun 0
01-15 17:38:54.872   528   569 D WCND    : is_cp2_alive_ok: open polling interface: /proc/mdbg/loopcheck, fd = 13
01-15 17:38:54.973   528   569 D WCND    : is_cp2_alive_ok: loop: /proc/mdbg/loopcheck is OK
01-15 17:38:56.366  1292  1392 I CPVoiceAgent: select: retrun 0
01-15 17:38:57.443   703   871 D WifiNetworkMonitor: EVENT_WIFI_RSSI_CHANGED
01-15 17:38:57.443   703   871 E WifiNetworkMonitor: Not any Obervers!!!
01-15 17:38:57.869  1292  1392 I CPVoiceAgent: select: retrun 0
01-15 17:38:59.371  1292  1392 I CPVoiceAgent: select: retrun 0
01-15 17:38:59.974   528   569 D WCND    : is_cp2_alive_ok: open polling interface: /proc/mdbg/loopcheck, fd = 13
01-15 17:39:00.001   703   847 D AlarmManager: waitForAlarm result:8currentTime=1768495140000, elapsedRealtime=354935131
01-15 17:39:00.001   703   847 D AlarmManager: triggerAlarmsLocked firstBatch = firstWakeup : Batch{b6b075d num=1 start=355021504 end=355021504 flgs=0x5} mNextWakeup = 355021504
01-15 17:39:00.001   703   847 D BroadcastQueue: Add broadcast <BroadcastRecord{68aecc u-1 android.intent.action.TIME_TICK}> into [ordered | foreground], pending size 0
01-15 17:39:00.001   703   847 D BroadcastQueue: Header is BroadcastRecord{68aecc u-1 android.intent.action.TIME_TICK} now
01-15 17:39:00.002   703   847 D AlarmManager: sending alarm.type = 3, action = android.intent.action.TIME_TICK, cn = null, operation = PendingIntent{7b675da: PendingIntentRecord{134ca0b android broadcastIntent}}
01-15 17:39:00.002   703   847 D AlarmManagerService: set alarm to kernel: 355021.504000000, type=2 
01-15 17:39:00.003   703   703 V AlarmManager: set(PendingIntent{7b675da: PendingIntentRecord{134ca0b android broadcastIntent}}) : type=3 triggerAtTime=354995130 win=0 tElapsed=354995130 maxElapsed=354995130 interval=0 flags=0x1
01-15 17:39:00.003   703   703 D AlarmManagerService: set alarm to kernel: 355021.504000000, type=2 
01-15 17:39:00.003   703   703 D AlarmManagerService: set alarm to kernel: 354995.130000000, type=3 
01-15 17:39:00.004   954   954 D KeyguardUpdateMonitor: received broadcast android.intent.action.TIME_TICK
01-15 17:39:00.005   954   954 D KeyguardUpdateMonitor: handleTimeUpdate
01-15 17:39:00.005   954   954 D KeyguardStatusView: refeshFormat mClockView.getText()=
01-15 17:39:00.006   954   954 D KeyguardStatusView: refreshTime mClockView.getText()=
01-15 17:39:00.011   703   714 D BroadcastQueue: Finished with ordered broadcast BroadcastRecord{68aecc u-1 android.intent.action.TIME_TICK} receivers:(8) take 9ms in [foreground], remains 0
01-15 17:39:00.075   528   569 D WCND    : is_cp2_alive_ok: loop: /proc/mdbg/loopcheck is OK
01-15 17:39:00.452   703   871 D WifiNetworkMonitor: EVENT_WIFI_RSSI_CHANGED
01-15 17:39:00.452   703   871 E WifiNetworkMonitor: Not any Obervers!!!
01-15 17:39:00.872  1292  1392 I CPVoiceAgent: select: retrun 0
01-15 17:39:02.375  1292  1392 I CPVoiceAgent: select: retrun 0
01-15 17:39:02.635   371   371 W IMGMemtrackHAL: hal_get_memory: memtrack cache rebuild was required
01-15 17:39:02.636   371   371 E IMGMemtrackHAL: IonHeapBufferToRecords: Saw only garbage when skipping 'Table header' when parsing carveout_camera
01-15 17:39:03.086  4041  4041 D ip_monitor-438: 192.168.1.1 dev wlan0 lladdr 00:22:07:a9:e4:58 PROBE
01-15 17:39:03.192  4042  4042 D ip_monitor-438: 192.168.1.1 dev wlan0 lladdr 00:22:07:a9:e4:58 REACHABLE
01-15 17:39:03.460   703   871 D WifiNetworkMonitor: EVENT_WIFI_RSSI_CHANGED
01-15 17:39:03.460   703   871 E WifiNetworkMonitor: Not any Obervers!!!
01-15 17:39:03.877  1292  1392 I CPVoiceAgent: select: retrun 0
01-15 17:39:05.081   528   569 D WCND    : is_cp2_alive_ok: open polling interface: /proc/mdbg/loopcheck, fd = 13
01-15 17:39:05.182   528   569 D WCND    : is_cp2_alive_ok: loop: /proc/mdbg/loopcheck is OK
01-15 17:39:05.379  1292  1392 I CPVoiceAgent: select: retrun 0
01-15 17:39:05.449   954   954 D NetworkController.WifiSignalController: Change in state from: connected=true,enabled=true,level=3,inetCondition=1,iconGroup=IconGroup(Wi-Fi Icons),activityIn=true,activityOut=true,rssi=-57,lastModified=01-15 17:38:51,ssid="atlas",isTransient=false,statusLabel=null
01-15 17:39:05.449   954   954 D NetworkController.WifiSignalController: 	to: connected=true,enabled=true,level=3,inetCondition=1,iconGroup=IconGroup(Wi-Fi Icons),activityIn=false,activityOut=false,rssi=-57,lastModified=01-15 17:38:51,ssid="atlas",isTransient=false,statusLabel=null
01-15 17:39:05.450   954   954 D Tile.WifiTile: onWifiSignalChanged enabled=true
01-15 17:39:05.451   954  1254 D Tile.WifiTile: handleUpdateState arg=null
01-15 17:39:05.451   954  1254 D Tile.WifiTile: handleUpdateState wifiConnected=truestate.icon=ResourceIcon[resId=0x7f080292]
01-15 17:39:06.452   954   954 D NetworkController.WifiSignalController: Change in state from: connected=true,enabled=true,level=3,inetCondition=1,iconGroup=IconGroup(Wi-Fi Icons),activityIn=false,activityOut=false,rssi=-57,lastModified=01-15 17:39:05,ssid="atlas",isTransient=false,statusLabel=null
01-15 17:39:06.452   954   954 D NetworkController.WifiSignalController: 	to: connected=true,enabled=true,level=3,inetCondition=1,iconGroup=IconGroup(Wi-Fi Icons),activityIn=true,activityOut=true,rssi=-57,lastModified=01-15 17:39:05,ssid="atlas",isTransient=false,statusLabel=null
01-15 17:39:06.453   954   954 D Tile.WifiTile: onWifiSignalChanged enabled=true
01-15 17:39:06.453   954  1254 D Tile.WifiTile: handleUpdateState arg=null
01-15 17:39:06.453   954  1254 D Tile.WifiTile: handleUpdateState wifiConnected=truestate.icon=ResourceIcon[resId=0x7f080292]
01-15 17:39:06.467   703   871 D WifiNetworkMonitor: EVENT_WIFI_RSSI_CHANGED
01-15 17:39:06.467   703   871 E WifiNetworkMonitor: Not any Obervers!!!
01-15 17:39:06.881  1292  1392 I CPVoiceAgent: select: retrun 0
01-15 17:39:08.383  1292  1392 I CPVoiceAgent: select: retrun 0
01-15 17:39:09.459   954   954 D NetworkController.WifiSignalController: Change in state from: connected=true,enabled=true,level=3,inetCondition=1,iconGroup=IconGroup(Wi-Fi Icons),activityIn=true,activityOut=true,rssi=-57,lastModified=01-15 17:39:06,ssid="atlas",isTransient=false,statusLabel=null
01-15 17:39:09.459   954   954 D NetworkController.WifiSignalController: 	to: connected=true,enabled=true,level=3,inetCondition=1,iconGroup=IconGroup(Wi-Fi Icons),activityIn=false,activityOut=false,rssi=-57,lastModified=01-15 17:39:06,ssid="atlas",isTransient=false,statusLabel=null
01-15 17:39:09.460   954   954 D Tile.WifiTile: onWifiSignalChanged enabled=true
01-15 17:39:09.460   954  1254 D Tile.WifiTile: handleUpdateState arg=null
01-15 17:39:09.460   954  1254 D Tile.WifiTile: handleUpdateState wifiConnected=truestate.icon=ResourceIcon[resId=0x7f080292]
01-15 17:39:09.476   703   871 D WifiNetworkMonitor: EVENT_WIFI_RSSI_CHANGED
01-15 17:39:09.476   703   871 E WifiNetworkMonitor: Not any Obervers!!!
01-15 17:39:09.886  1292  1392 I CPVoiceAgent: select: retrun 0
01-15 17:39:10.187   528   569 D WCND    : is_cp2_alive_ok: open polling interface: /proc/mdbg/loopcheck, fd = 13
01-15 17:39:10.288   528   569 D WCND    : is_cp2_alive_ok: loop: /proc/mdbg/loopcheck is OK
01-15 17:39:11.388  1292  1392 I CPVoiceAgent: select: retrun 0
01-15 17:39:11.464   954   954 D NetworkController.WifiSignalController: Change in state from: connected=true,enabled=true,level=3,inetCondition=1,iconGroup=IconGroup(Wi-Fi Icons),activityIn=false,activityOut=false,rssi=-57,lastModified=01-15 17:39:09,ssid="atlas",isTransient=false,statusLabel=null
01-15 17:39:11.464   954   954 D NetworkController.WifiSignalController: 	to: connected=true,enabled=true,level=3,inetCondition=1,iconGroup=IconGroup(Wi-Fi Icons),activityIn=true,activityOut=true,rssi=-57,lastModified=01-15 17:39:09,ssid="atlas",isTransient=false,statusLabel=null
01-15 17:39:11.464   954   954 D Tile.WifiTile: onWifiSignalChanged enabled=true
01-15 17:39:11.465   954  1254 D Tile.WifiTile: handleUpdateState arg=null
01-15 17:39:11.465   954  1254 D Tile.WifiTile: handleUpdateState wifiConnected=truestate.icon=ResourceIcon[resId=0x7f080292]
01-15 17:39:12.482   703   871 D WifiNetworkMonitor: EVENT_WIFI_RSSI_CHANGED
01-15 17:39:12.482   703   871 E WifiNetworkMonitor: Not any Obervers!!!
01-15 17:39:12.890  1292  1392 I CPVoiceAgent: select: retrun 0
01-15 17:39:14.392  1292  1392 I CPVoiceAgent: select: retrun 0
01-15 17:39:14.471   954   954 D NetworkController.WifiSignalController: Change in state from: connected=true,enabled=true,level=3,inetCondition=1,iconGroup=IconGroup(Wi-Fi Icons),activityIn=true,activityOut=true,rssi=-57,lastModified=01-15 17:39:11,ssid="atlas",isTransient=false,statusLabel=null
01-15 17:39:14.471   954   954 D NetworkController.WifiSignalController: 	to: connected=true,enabled=true,level=3,inetCondition=1,iconGroup=IconGroup(Wi-Fi Icons),activityIn=false,activityOut=false,rssi=-57,lastModified=01-15 17:39:11,ssid="atlas",isTransient=false,statusLabel=null
01-15 17:39:14.471   954   954 D Tile.WifiTile: onWifiSignalChanged enabled=true
01-15 17:39:14.472   954  1254 D Tile.WifiTile: handleUpdateState arg=null
01-15 17:39:14.472   954  1254 D Tile.WifiTile: handleUpdateState wifiConnected=truestate.icon=ResourceIcon[resId=0x7f080292]
01-15 17:39:15.293   528   569 D WCND    : is_cp2_alive_ok: open polling interface: /proc/mdbg/loopcheck, fd = 13
01-15 17:39:15.394   528   569 D WCND    : is_cp2_alive_ok: loop: /proc/mdbg/loopcheck is OK
01-15 17:39:15.473   954   954 D NetworkController.WifiSignalController: Change in state from: connected=true,enabled=true,level=3,inetCondition=1,iconGroup=IconGroup(Wi-Fi Icons),activityIn=false,activityOut=false,rssi=-57,lastModified=01-15 17:39:14,ssid="atlas",isTransient=false,statusLabel=null
01-15 17:39:15.473   954   954 D NetworkController.WifiSignalController: 	to: connected=true,enabled=true,level=3,inetCondition=1,iconGroup=IconGroup(Wi-Fi Icons),activityIn=true,activityOut=true,rssi=-57,lastModified=01-15 17:39:14,ssid="atlas",isTransient=false,statusLabel=null
01-15 17:39:15.474   954   954 D Tile.WifiTile: onWifiSignalChanged enabled=true
01-15 17:39:15.474   954  1254 D Tile.WifiTile: handleUpdateState arg=null
01-15 17:39:15.474   954  1254 D Tile.WifiTile: handleUpdateState wifiConnected=truestate.icon=ResourceIcon[resId=0x7f080292]
01-15 17:39:15.487   703   871 D WifiNetworkMonitor: EVENT_WIFI_RSSI_CHANGED
01-15 17:39:15.488   703   871 E WifiNetworkMonitor: Not any Obervers!!!
01-15 17:39:15.894  1292  1392 I CPVoiceAgent: select: retrun 0
01-15 17:39:16.832  4043  4043 D ip_monitor-438: 192.168.1.207 dev wlan0 lladdr 74:56:3c:b4:6e:c9 STALE
01-15 17:39:17.396  1292  1392 I CPVoiceAgent: select: retrun 0
01-15 17:39:18.493   703   871 D WifiNetworkMonitor: EVENT_WIFI_RSSI_CHANGED
01-15 17:39:18.493   703   871 E WifiNetworkMonitor: Not any Obervers!!!
01-15 17:39:18.899  1292  1392 I CPVoiceAgent: select: retrun 0
01-15 17:39:20.400   528   569 D WCND    : is_cp2_alive_ok: open polling interface: /proc/mdbg/loopcheck, fd = 13
01-15 17:39:20.400  1292  1392 I CPVoiceAgent: select: retrun 0
01-15 17:39:20.484   954   954 D NetworkController.WifiSignalController: Change in state from: connected=true,enabled=true,level=3,inetCondition=1,iconGroup=IconGroup(Wi-Fi Icons),activityIn=true,activityOut=true,rssi=-57,lastModified=01-15 17:39:15,ssid="atlas",isTransient=false,statusLabel=null
01-15 17:39:20.484   954   954 D NetworkController.WifiSignalController: 	to: connected=true,enabled=true,level=3,inetCondition=1,iconGroup=IconGroup(Wi-Fi Icons),activityIn=true,activityOut=false,rssi=-57,lastModified=01-15 17:39:15,ssid="atlas",isTransient=false,statusLabel=null
01-15 17:39:20.485   954   954 D Tile.WifiTile: onWifiSignalChanged enabled=true
01-15 17:39:20.485   954  1254 D Tile.WifiTile: handleUpdateState arg=null
01-15 17:39:20.486   954  1254 D Tile.WifiTile: handleUpdateState wifiConnected=truestate.icon=ResourceIcon[resId=0x7f080292]
01-15 17:39:20.500   528   569 D WCND    : is_cp2_alive_ok: loop: /proc/mdbg/loopcheck is OK
01-15 17:39:21.487   954   954 D NetworkController.WifiSignalController: Change in state from: connected=true,enabled=true,level=3,inetCondition=1,iconGroup=IconGroup(Wi-Fi Icons),activityIn=true,activityOut=false,rssi=-57,lastModified=01-15 17:39:20,ssid="atlas",isTransient=false,statusLabel=null
01-15 17:39:21.487   954   954 D NetworkController.WifiSignalController: 	to: connected=true,enabled=true,level=3,inetCondition=1,iconGroup=IconGroup(Wi-Fi Icons),activityIn=true,activityOut=true,rssi=-57,lastModified=01-15 17:39:20,ssid="atlas",isTransient=false,statusLabel=null
01-15 17:39:21.488   954   954 D Tile.WifiTile: onWifiSignalChanged enabled=true
01-15 17:39:21.488   954  1254 D Tile.WifiTile: handleUpdateState arg=null
01-15 17:39:21.488   954  1254 D Tile.WifiTile: handleUpdateState wifiConnected=truestate.icon=ResourceIcon[resId=0x7f080292]
01-15 17:39:21.500   703   871 D WifiNetworkMonitor: EVENT_WIFI_RSSI_CHANGED
01-15 17:39:21.500   703   871 E WifiNetworkMonitor: Not any Obervers!!!
01-15 17:39:21.902  1292  1392 I CPVoiceAgent: select: retrun 0
01-15 17:39:22.238  4044  4044 D ip_monitor-438: 192.168.1.207 dev wlan0 lladdr 74:56:3c:b4:6e:c9 PROBE
01-15 17:39:22.343  4045  4045 D ip_monitor-438: 192.168.1.207 dev wlan0 lladdr 74:56:3c:b4:6e:c9 REACHABLE
01-15 17:39:23.405  1292  1392 I CPVoiceAgent: select: retrun 0
01-15 17:39:24.507   703   871 D WifiNetworkMonitor: EVENT_WIFI_RSSI_CHANGED
01-15 17:39:24.508   703   871 E WifiNetworkMonitor: Not any Obervers!!!
01-15 17:39:24.907  1292  1392 I CPVoiceAgent: select: retrun 0
01-15 17:39:25.152  4046  4046 D ip_monitor-438: 192.168.1.1 dev wlan0 lladdr 00:22:07:a9:e4:58 STALE
01-15 17:39:25.496   954   954 D NetworkController.WifiSignalController: Change in state from: connected=true,enabled=true,level=3,inetCondition=1,iconGroup=IconGroup(Wi-Fi Icons),activityIn=true,activityOut=true,rssi=-57,lastModified=01-15 17:39:21,ssid="atlas",isTransient=false,statusLabel=null
01-15 17:39:25.496   954   954 D NetworkController.WifiSignalController: 	to: connected=true,enabled=true,level=3,inetCondition=1,iconGroup=IconGroup(Wi-Fi Icons),activityIn=false,activityOut=false,rssi=-57,lastModified=01-15 17:39:21,ssid="atlas",isTransient=false,statusLabel=null
01-15 17:39:25.497   954   954 D Tile.WifiTile: onWifiSignalChanged enabled=true
01-15 17:39:25.497   954  1254 D Tile.WifiTile: handleUpdateState arg=null
01-15 17:39:25.497   954  1254 D Tile.WifiTile: handleUpdateState wifiConnected=truestate.icon=ResourceIcon[resId=0x7f080292]
01-15 17:39:25.503   528   569 D WCND    : is_cp2_alive_ok: open polling interface: /proc/mdbg/loopcheck, fd = 13
01-15 17:39:25.604   528   569 D WCND    : is_cp2_alive_ok: loop: /proc/mdbg/loopcheck is OK
01-15 17:39:26.409  1292  1392 I CPVoiceAgent: select: retrun 0
01-15 17:39:26.498   954   954 D NetworkController.WifiSignalController: Change in state from: connected=true,enabled=true,level=3,inetCondition=1,iconGroup=IconGroup(Wi-Fi Icons),activityIn=false,activityOut=false,rssi=-57,lastModified=01-15 17:39:25,ssid="atlas",isTransient=false,statusLabel=null
01-15 17:39:26.498   954   954 D NetworkController.WifiSignalController: 	to: connected=true,enabled=true,level=3,inetCondition=1,iconGroup=IconGroup(Wi-Fi Icons),activityIn=true,activityOut=true,rssi=-57,lastModified=01-15 17:39:25,ssid="atlas",isTransient=false,statusLabel=null
01-15 17:39:26.499   954   954 D Tile.WifiTile: onWifiSignalChanged enabled=true
01-15 17:39:26.500   954  1254 D Tile.WifiTile: handleUpdateState arg=null
01-15 17:39:26.500   954  1254 D Tile.WifiTile: handleUpdateState wifiConnected=truestate.icon=ResourceIcon[resId=0x7f080292]
01-15 17:39:27.516   703   871 D WifiNetworkMonitor: EVENT_WIFI_RSSI_CHANGED
01-15 17:39:27.516   703   871 E WifiNetworkMonitor: Not any Obervers!!!
01-15 17:39:27.911  1292  1392 I CPVoiceAgent: select: retrun 0
01-15 17:39:29.413  1292  1392 I CPVoiceAgent: select: retrun 0
01-15 17:39:30.508   954   954 D NetworkController.WifiSignalController: Change in state from: connected=true,enabled=true,level=3,inetCondition=1,iconGroup=IconGroup(Wi-Fi Icons),activityIn=true,activityOut=true,rssi=-57,lastModified=01-15 17:39:26,ssid="atlas",isTransient=false,statusLabel=null
01-15 17:39:30.508   954   954 D NetworkController.WifiSignalController: 	to: connected=true,enabled=true,level=3,inetCondition=1,iconGroup=IconGroup(Wi-Fi Icons),activityIn=false,activityOut=false,rssi=-57,lastModified=01-15 17:39:26,ssid="atlas",isTransient=false,statusLabel=null
01-15 17:39:30.509   954   954 D Tile.WifiTile: onWifiSignalChanged enabled=true
01-15 17:39:30.509   954  1254 D Tile.WifiTile: handleUpdateState arg=null
01-15 17:39:30.509   954  1254 D Tile.WifiTile: handleUpdateState wifiConnected=truestate.icon=ResourceIcon[resId=0x7f080292]
01-15 17:39:30.522   703   871 D WifiNetworkMonitor: EVENT_WIFI_RSSI_CHANGED
01-15 17:39:30.523   703   871 E WifiNetworkMonitor: Not any Obervers!!!
01-15 17:39:30.610   528   569 D WCND    : is_cp2_alive_ok: open polling interface: /proc/mdbg/loopcheck, fd = 13
01-15 17:39:30.665   447   481 E storaged: getDiskStats failed with result NOT_SUPPORTED and size 0
01-15 17:39:30.711   528   569 D WCND    : is_cp2_alive_ok: loop: /proc/mdbg/loopcheck is OK
01-15 17:39:30.916  1292  1392 I CPVoiceAgent: select: retrun 0
01-15 17:39:31.510   954   954 D NetworkController.WifiSignalController: Change in state from: connected=true,enabled=true,level=3,inetCondition=1,iconGroup=IconGroup(Wi-Fi Icons),activityIn=false,activityOut=false,rssi=-57,lastModified=01-15 17:39:30,ssid="atlas",isTransient=false,statusLabel=null
01-15 17:39:31.510   954   954 D NetworkController.WifiSignalController: 	to: connected=true,enabled=true,level=3,inetCondition=1,iconGroup=IconGroup(Wi-Fi Icons),activityIn=true,activityOut=true,rssi=-57,lastModified=01-15 17:39:30,ssid="atlas",isTransient=false,statusLabel=null
01-15 17:39:31.511   954   954 D Tile.WifiTile: onWifiSignalChanged enabled=true
01-15 17:39:31.511   954  1254 D Tile.WifiTile: handleUpdateState arg=null
01-15 17:39:31.512   954  1254 D Tile.WifiTile: handleUpdateState wifiConnected=truestate.icon=ResourceIcon[resId=0x7f080292]
01-15 17:39:32.418  1292  1392 I CPVoiceAgent: select: retrun 0
01-15 17:39:33.530   703   871 D WifiNetworkMonitor: EVENT_WIFI_RSSI_CHANGED
01-15 17:39:33.530   703   871 E WifiNetworkMonitor: Not any Obervers!!!
01-15 17:39:33.920  1292  1392 I CPVoiceAgent: select: retrun 0
01-15 17:39:35.422  1292  1392 I CPVoiceAgent: select: retrun 0
01-15 17:39:35.518   954   954 D NetworkController.WifiSignalController: Change in state from: connected=true,enabled=true,level=3,inetCondition=1,iconGroup=IconGroup(Wi-Fi Icons),activityIn=true,activityOut=true,rssi=-57,lastModified=01-15 17:39:31,ssid="atlas",isTransient=false,statusLabel=null
01-15 17:39:35.518   954   954 D NetworkController.WifiSignalController: 	to: connected=true,enabled=true,level=3,inetCondition=1,iconGroup=IconGroup(Wi-Fi Icons),activityIn=false,activityOut=false,rssi=-57,lastModified=01-15 17:39:31,ssid="atlas",isTransient=false,statusLabel=null
01-15 17:39:35.519   954   954 D Tile.WifiTile: onWifiSignalChanged enabled=true
01-15 17:39:35.520   954  1254 D Tile.WifiTile: handleUpdateState arg=null
01-15 17:39:35.520   954  1254 D Tile.WifiTile: handleUpdateState wifiConnected=truestate.icon=ResourceIcon[resId=0x7f080292]
01-15 17:39:35.716   528   569 D WCND    : is_cp2_alive_ok: open polling interface: /proc/mdbg/loopcheck, fd = 13
01-15 17:39:35.817   528   569 D WCND    : is_cp2_alive_ok: loop: /proc/mdbg/loopcheck is OK
01-15 17:39:36.521   954   954 D NetworkController.WifiSignalController: Change in state from: connected=true,enabled=true,level=3,inetCondition=1,iconGroup=IconGroup(Wi-Fi Icons),activityIn=false,activityOut=false,rssi=-57,lastModified=01-15 17:39:35,ssid="atlas",isTransient=false,statusLabel=null
01-15 17:39:36.521   954   954 D NetworkController.WifiSignalController: 	to: connected=true,enabled=true,level=3,inetCondition=1,iconGroup=IconGroup(Wi-Fi Icons),activityIn=true,activityOut=true,rssi=-57,lastModified=01-15 17:39:35,ssid="atlas",isTransient=false,statusLabel=null
01-15 17:39:36.522   954   954 D Tile.WifiTile: onWifiSignalChanged enabled=true
01-15 17:39:36.522   954  1254 D Tile.WifiTile: handleUpdateState arg=null
01-15 17:39:36.522   954  1254 D Tile.WifiTile: handleUpdateState wifiConnected=truestate.icon=ResourceIcon[resId=0x7f080292]
01-15 17:39:36.536   703   871 D WifiNetworkMonitor: EVENT_WIFI_RSSI_CHANGED
01-15 17:39:36.536   703   871 E WifiNetworkMonitor: Not any Obervers!!!
01-15 17:39:36.924  1292  1392 I CPVoiceAgent: select: retrun 0
01-15 17:39:36.967   405   676 D ENGPC   : parse_event: event { 'change', '/devices/platform/battery/power_supply/battery', 'power_supply', '' }
01-15 17:39:36.968   516   643 I ThermalChargeDetect: charge status: Discharging
01-15 17:39:36.970   396   396 D Power-HealthInfoCallback: Update charge status to: 0
01-15 17:39:36.971   703   703 D BroadcastQueue: Add broadcast <BroadcastRecord{f9cc515 u-1 android.intent.action.BATTERY_CHANGED}> into [parallel | background], pending size 0
01-15 17:39:36.973   703  1040 D PowerController: isInVideoCallOrNormalCall:mModeConfigIndex:2,preModeConfigIndex = 2
01-15 17:39:36.974   954   954 D KeyguardUpdateMonitor: received broadcast android.intent.action.BATTERY_CHANGED
01-15 17:39:36.974   703   718 D BroadcastQueue: Done with parallel broadcast [background] [BroadcastRecord{f9cc515 u-1 android.intent.action.BATTERY_CHANGED}]
01-15 17:39:36.975   954   954 D BatteryMeterDrawable: onBatteryLevelChanged level=58,pluggedIn=false,charging=false
01-15 17:39:36.976   954   954 I chatty  : uid=10026(com.android.systemui) identical 1 line
01-15 17:39:36.977   954   954 D BatteryMeterDrawable: onBatteryLevelChanged level=58,pluggedIn=false,charging=false
01-15 17:39:36.977   954   954 D KeyguardUpdateMonitor: handleBatteryUpdate
01-15 17:39:36.977   954   954 D PowerUI : buckets   .....20 .. 15 .. 5
01-15 17:39:36.977   954   954 D PowerUI : level          58 --> 58
01-15 17:39:36.977   954   954 D PowerUI : status         3 --> 3
01-15 17:39:36.977   954   954 D PowerUI : plugType       0 --> 0
01-15 17:39:36.977   954   954 D PowerUI : invalidCharger 0 --> 0
01-15 17:39:36.977   954   954 D PowerUI : bucket         1 --> 1
01-15 17:39:36.977   954   954 D PowerUI : plugged        false --> false
01-15 17:39:36.977   954   954 D PowerUI : health         2 --> 2
01-15 17:39:36.978   954   954 D PowerUI : to dismissCriticalBatteryWarningDialog
01-15 17:39:36.978   954   954 D BatteryMeterDrawable: onReceive action=android.intent.action.BATTERY_CHANGED
01-15 17:39:36.978   954   954 D BatteryMeterDrawable: onReceive level=58,plugType=0,status=3
01-15 17:39:36.978   954   954 D BatteryMeterDrawable: BatteryMeterViewAnimationShow level should be =58
01-15 17:39:36.978   954   954 D BatteryMeterDrawable: onReceive action=android.intent.action.BATTERY_CHANGED
01-15 17:39:36.978   954   954 D BatteryMeterDrawable: onReceive level=58,plugType=0,status=3
01-15 17:39:36.978   954   954 D BatteryMeterDrawable: BatteryMeterViewAnimationShow level should be =58
01-15 17:39:36.994   954   954 D BatteryMeterDrawable: onReceive action=android.intent.action.BATTERY_CHANGED
01-15 17:39:36.994   954   954 D BatteryMeterDrawable: onReceive level=58,plugType=0,status=3
01-15 17:39:36.994   954   954 D BatteryMeterDrawable: BatteryMeterViewAnimationShow level should be =58
01-15 17:39:38.426  1292  1392 I CPVoiceAgent: select: retrun 0
01-15 17:39:39.545   703   871 D WifiNetworkMonitor: EVENT_WIFI_RSSI_CHANGED
01-15 17:39:39.545   703   871 E WifiNetworkMonitor: Not any Obervers!!!
01-15 17:39:39.929  1292  1392 I CPVoiceAgent: select: retrun 0
01-15 17:39:40.822   528   569 D WCND    : is_cp2_alive_ok: open polling interface: /proc/mdbg/loopcheck, fd = 13
01-15 17:39:40.923   528   569 D WCND    : is_cp2_alive_ok: loop: /proc/mdbg/loopcheck is OK
01-15 17:39:41.431  1292  1392 I CPVoiceAgent: select: retrun 0
01-15 17:39:42.550   703   874 D ConnectivityService: receive EVENT_NETWORK_CAPABILITIES_CHANGED 
01-15 17:39:42.551   703   874 D ConnectivityService: notifyType CALLBACK_CAP_CHANGED for NetworkAgentInfo [WIFI () - 163]
01-15 17:39:42.551   703   874 D ConnectivityService:  sending notification for NetworkRequest [ REQUEST id=1, [ Capabilities: INTERNET&NOT_RESTRICTED&TRUSTED&NOT_VPN Unwanted: ] ]
01-15 17:39:42.551   703   874 D ConnectivityService:  sending notification for NetworkRequest [ LISTEN id=3, [] ]
01-15 17:39:42.551   703   874 D ConnectivityService: sending notification CALLBACK_CAP_CHANGED for NetworkRequest [ LISTEN id=3, [] ]
01-15 17:39:42.551   703   869 D BroadcastQueue: Add broadcast <BroadcastRecord{d0a802a u-1 android.net.wifi.RSSI_CHANGED}> into [parallel | background], pending size 0
01-15 17:39:42.551   703   874 D ConnectivityService:  sending notification for NetworkRequest [ LISTEN id=4, [ Capabilities: NOT_RESTRICTED&TRUSTED&NOT_VPN Unwanted:  Uid: 1000] ]
01-15 17:39:42.551   703   874 D ConnectivityService: sending notification CALLBACK_CAP_CHANGED for NetworkRequest [ LISTEN id=4, [ Capabilities: NOT_RESTRICTED&TRUSTED&NOT_VPN Unwanted:  Uid: 1000] ]
01-15 17:39:42.551   703   874 D ConnectivityService:  sending notification for NetworkRequest [ TRACK_DEFAULT id=6, [ Capabilities: INTERNET&NOT_RESTRICTED&TRUSTED Unwanted:  Uid: 1000] ]
01-15 17:39:42.551   703   874 D ConnectivityService: sending notification CALLBACK_CAP_CHANGED for NetworkRequest [ TRACK_DEFAULT id=6, [ Capabilities: INTERNET&NOT_RESTRICTED&TRUSTED Unwanted:  Uid: 1000] ]
01-15 17:39:42.551   703   874 D ConnectivityService:  sending notification for NetworkRequest [ LISTEN id=7, [ Capabilities: INTERNET&NOT_RESTRICTED&TRUSTED&VALIDATED Unwanted:  Uid: 1000] ]
01-15 17:39:42.552   703   874 D ConnectivityService: sending notification CALLBACK_CAP_CHANGED for NetworkRequest [ LISTEN id=7, [ Capabilities: INTERNET&NOT_RESTRICTED&TRUSTED&VALIDATED Unwanted:  Uid: 1000] ]
01-15 17:39:42.552   703   718 D BroadcastQueue: Done with parallel broadcast [background] [BroadcastRecord{d0a802a u-1 android.net.wifi.RSSI_CHANGED}]
01-15 17:39:42.552   703   874 D ConnectivityService:  sending notification for NetworkRequest [ LISTEN id=8, [ Transports: WIFI Capabilities: NOT_VPN Unwanted: ] ]
01-15 17:39:42.552   703   874 D ConnectivityService: sending notification CALLBACK_CAP_CHANGED for NetworkRequest [ LISTEN id=8, [ Transports: WIFI Capabilities: NOT_VPN Unwanted: ] ]
01-15 17:39:42.552   703   871 D WifiNetworkMonitor: EVENT_WIFI_RSSI_CHANGED
01-15 17:39:42.552   703   874 D ConnectivityService:  sending notification for NetworkRequest [ TRACK_DEFAULT id=9, [ Capabilities: INTERNET&NOT_RESTRICTED&TRUSTED Unwanted:  Uid: 10026] ]
01-15 17:39:42.552   703   871 E WifiNetworkMonitor: Not any Obervers!!!
01-15 17:39:42.552   703   874 D ConnectivityService: sending notification CALLBACK_CAP_CHANGED for NetworkRequest [ TRACK_DEFAULT id=9, [ Capabilities: INTERNET&NOT_RESTRICTED&TRUSTED Unwanted:  Uid: 10026] ]
01-15 17:39:42.553   703   874 D ConnectivityService:  sending notification for NetworkRequest [ LISTEN id=10, [] ]
01-15 17:39:42.553   703   874 D ConnectivityService: sending notification CALLBACK_CAP_CHANGED for NetworkRequest [ LISTEN id=10, [] ]
01-15 17:39:42.555   954  1254 D NetworkController.WifiSignalController: Change in state from: connected=true,enabled=true,level=3,inetCondition=1,iconGroup=IconGroup(Wi-Fi Icons),activityIn=true,activityOut=true,rssi=-57,lastModified=01-15 17:39:36,ssid="atlas",isTransient=false,statusLabel=null
01-15 17:39:42.555   954  1254 D NetworkController.WifiSignalController: 	to: connected=true,enabled=true,level=4,inetCondition=1,iconGroup=IconGroup(Wi-Fi Icons),activityIn=true,activityOut=true,rssi=-55,lastModified=01-15 17:39:36,ssid="atlas",isTransient=false,statusLabel=null
01-15 17:39:42.555   954  1254 D NetworkController: WifiManager.RSSI_CHANGED_ACTION mVoWifiRegistered = false
01-15 17:39:42.556   954  1254 D NetworkController: refreshVoWiFiIndicators show = false
01-15 17:39:42.556   954  1254 D NetworkController: wifiLev = 4
01-15 17:39:42.556   954  1254 D NetworkController: wifiLev = 4
01-15 17:39:42.558   954   954 D Tile.WifiTile: onWifiSignalChanged enabled=true
01-15 17:39:42.559   954   954 D StatusBarSignalPolicy: state.mVowifiConnected = falsestate.mVoWifiId = 2131231755
01-15 17:39:42.559   954  1254 D Tile.WifiTile: handleUpdateState arg=null
01-15 17:39:42.559   954  1254 D Tile.WifiTile: handleUpdateState wifiConnected=truestate.icon=ResourceIcon[resId=0x7f080293]
01-15 17:39:42.933  1292  1392 I CPVoiceAgent: select: retrun 0
01-15 17:39:43.536   954   954 D NetworkController.WifiSignalController: Change in state from: connected=true,enabled=true,level=4,inetCondition=1,iconGroup=IconGroup(Wi-Fi Icons),activityIn=true,activityOut=true,rssi=-55,lastModified=01-15 17:39:42,ssid="atlas",isTransient=false,statusLabel=null
01-15 17:39:43.536   954   954 D NetworkController.WifiSignalController: 	to: connected=true,enabled=true,level=4,inetCondition=1,iconGroup=IconGroup(Wi-Fi Icons),activityIn=false,activityOut=false,rssi=-55,lastModified=01-15 17:39:42,ssid="atlas",isTransient=false,statusLabel=null
01-15 17:39:43.537   954   954 D Tile.WifiTile: onWifiSignalChanged enabled=true
01-15 17:39:43.538   954  1254 D Tile.WifiTile: handleUpdateState arg=null
01-15 17:39:43.538   954  1254 D Tile.WifiTile: handleUpdateState wifiConnected=truestate.icon=ResourceIcon[resId=0x7f080293]
01-15 17:39:44.222  4048  4048 D ip_monitor-438: 192.168.1.207 dev wlan0 lladdr 74:56:3c:b4:6e:c9 STALE
01-15 17:39:44.435  1292  1392 I CPVoiceAgent: select: retrun 0
01-15 17:39:44.539   954   954 D NetworkController.WifiSignalController: Change in state from: connected=true,enabled=true,level=4,inetCondition=1,iconGroup=IconGroup(Wi-Fi Icons),activityIn=false,activityOut=false,rssi=-55,lastModified=01-15 17:39:43,ssid="atlas",isTransient=false,statusLabel=null
01-15 17:39:44.539   954   954 D NetworkController.WifiSignalController: 	to: connected=true,enabled=true,level=4,inetCondition=1,iconGroup=IconGroup(Wi-Fi Icons),activityIn=true,activityOut=true,rssi=-55,lastModified=01-15 17:39:43,ssid="atlas",isTransient=false,statusLabel=null
01-15 17:39:44.540   954   954 D Tile.WifiTile: onWifiSignalChanged enabled=true
01-15 17:39:44.540   954  1254 D Tile.WifiTile: handleUpdateState arg=null
01-15 17:39:44.540   954  1254 D Tile.WifiTile: handleUpdateState wifiConnected=truestate.icon=ResourceIcon[resId=0x7f080293]
01-15 17:39:45.560   703   874 D ConnectivityService: receive EVENT_NETWORK_CAPABILITIES_CHANGED 
01-15 17:39:45.560   703   874 D ConnectivityService: notifyType CALLBACK_CAP_CHANGED for NetworkAgentInfo [WIFI () - 163]
01-15 17:39:45.560   703   874 D ConnectivityService:  sending notification for NetworkRequest [ REQUEST id=1, [ Capabilities: INTERNET&NOT_RESTRICTED&TRUSTED&NOT_VPN Unwanted: ] ]
01-15 17:39:45.560   703   874 D ConnectivityService:  sending notification for NetworkRequest [ LISTEN id=3, [] ]
01-15 17:39:45.560   703   874 D ConnectivityService: sending notification CALLBACK_CAP_CHANGED for NetworkRequest [ LISTEN id=3, [] ]
01-15 17:39:45.561   703   869 D BroadcastQueue: Add broadcast <BroadcastRecord{b018e1b u-1 android.net.wifi.RSSI_CHANGED}> into [parallel | background], pending size 0
01-15 17:39:45.561   703   874 D ConnectivityService:  sending notification for NetworkRequest [ LISTEN id=4, [ Capabilities: NOT_RESTRICTED&TRUSTED&NOT_VPN Unwanted:  Uid: 1000] ]
01-15 17:39:45.561   703   874 D ConnectivityService: sending notification CALLBACK_CAP_CHANGED for NetworkRequest [ LISTEN id=4, [ Capabilities: NOT_RESTRICTED&TRUSTED&NOT_VPN Unwanted:  Uid: 1000] ]
01-15 17:39:45.561   703   874 D ConnectivityService:  sending notification for NetworkRequest [ TRACK_DEFAULT id=6, [ Capabilities: INTERNET&NOT_RESTRICTED&TRUSTED Unwanted:  Uid: 1000] ]
01-15 17:39:45.561   703   871 D WifiNetworkMonitor: EVENT_WIFI_RSSI_CHANGED
01-15 17:39:45.561   703   874 D ConnectivityService: sending notification CALLBACK_CAP_CHANGED for NetworkRequest [ TRACK_DEFAULT id=6, [ Capabilities: INTERNET&NOT_RESTRICTED&TRUSTED Unwanted:  Uid: 1000] ]
01-15 17:39:45.561   703   871 E WifiNetworkMonitor: Not any Obervers!!!
01-15 17:39:45.561   703   874 D ConnectivityService:  sending notification for NetworkRequest [ LISTEN id=7, [ Capabilities: INTERNET&NOT_RESTRICTED&TRUSTED&VALIDATED Unwanted:  Uid: 1000] ]
01-15 17:39:45.561   703   874 D ConnectivityService: sending notification CALLBACK_CAP_CHANGED for NetworkRequest [ LISTEN id=7, [ Capabilities: INTERNET&NOT_RESTRICTED&TRUSTED&VALIDATED Unwanted:  Uid: 1000] ]
01-15 17:39:45.561   703   874 D ConnectivityService:  sending notification for NetworkRequest [ LISTEN id=8, [ Transports: WIFI Capabilities: NOT_VPN Unwanted: ] ]
01-15 17:39:45.562   703   874 D ConnectivityService: sending notification CALLBACK_CAP_CHANGED for NetworkRequest [ LISTEN id=8, [ Transports: WIFI Capabilities: NOT_VPN Unwanted: ] ]
01-15 17:39:45.562   703   874 D ConnectivityService:  sending notification for NetworkRequest [ TRACK_DEFAULT id=9, [ Capabilities: INTERNET&NOT_RESTRICTED&TRUSTED Unwanted:  Uid: 10026] ]
01-15 17:39:45.562   703   718 D BroadcastQueue: Done with parallel broadcast [background] [BroadcastRecord{b018e1b u-1 android.net.wifi.RSSI_CHANGED}]
01-15 17:39:45.562   703   874 D ConnectivityService: sending notification CALLBACK_CAP_CHANGED for NetworkRequest [ TRACK_DEFAULT id=9, [ Capabilities: INTERNET&NOT_RESTRICTED&TRUSTED Unwanted:  Uid: 10026] ]
01-15 17:39:45.562   703   874 D ConnectivityService:  sending notification for NetworkRequest [ LISTEN id=10, [] ]
01-15 17:39:45.563   703   874 D ConnectivityService: sending notification CALLBACK_CAP_CHANGED for NetworkRequest [ LISTEN id=10, [] ]
01-15 17:39:45.565   954   954 D NetworkController.WifiSignalController: Change in state from: connected=true,enabled=true,level=4,inetCondition=1,iconGroup=IconGroup(Wi-Fi Icons),activityIn=true,activityOut=true,rssi=-55,lastModified=01-15 17:39:44,ssid="atlas",isTransient=false,statusLabel=null
01-15 17:39:45.565   954   954 D NetworkController.WifiSignalController: 	to: connected=true,enabled=true,level=3,inetCondition=1,iconGroup=IconGroup(Wi-Fi Icons),activityIn=true,activityOut=true,rssi=-58,lastModified=01-15 17:39:44,ssid="atlas",isTransient=false,statusLabel=null
01-15 17:39:45.565   954  1254 D NetworkController.WifiSignalController: Change in state from: connected=true,enabled=true,level=4,inetCondition=1,iconGroup=IconGroup(Wi-Fi Icons),activityIn=true,activityOut=true,rssi=-55,lastModified=01-15 17:39:44,ssid="atlas",isTransient=false,statusLabel=null
01-15 17:39:45.565   954  1254 D NetworkController.WifiSignalController: 	to: connected=true,enabled=true,level=3,inetCondition=1,iconGroup=IconGroup(Wi-Fi Icons),activityIn=true,activityOut=true,rssi=-58,lastModified=01-15 17:39:44,ssid="atlas",isTransient=false,statusLabel=null
01-15 17:39:45.566   954  1254 D NetworkController: WifiManager.RSSI_CHANGED_ACTION mVoWifiRegistered = false
01-15 17:39:45.566   954  1254 D NetworkController: refreshVoWiFiIndicators show = false
01-15 17:39:45.566   954  1254 D NetworkController: wifiLev = 3
01-15 17:39:45.566   954  1254 D NetworkController: wifiLev = 3
01-15 17:39:45.571   954   954 D Tile.WifiTile: onWifiSignalChanged enabled=true
01-15 17:39:45.571   954  1254 D Tile.WifiTile: handleUpdateState arg=null
01-15 17:39:45.571   954   954 D Tile.WifiTile: onWifiSignalChanged enabled=true
01-15 17:39:45.572   954   954 D StatusBarSignalPolicy: state.mVowifiConnected = falsestate.mVoWifiId = 2131231755
01-15 17:39:45.572   954  1254 D Tile.WifiTile: handleUpdateState wifiConnected=truestate.icon=ResourceIcon[resId=0x7f080292]
01-15 17:39:45.572   954  1254 D Tile.WifiTile: handleUpdateState arg=null
01-15 17:39:45.572   954  1254 D Tile.WifiTile: handleUpdateState wifiConnected=truestate.icon=ResourceIcon[resId=0x7f080292]
01-15 17:39:45.929   528   569 D WCND    : is_cp2_alive_ok: open polling interface: /proc/mdbg/loopcheck, fd = 13
01-15 17:39:45.937  1292  1392 I CPVoiceAgent: select: retrun 0
01-15 17:39:46.030   528   569 D WCND    : is_cp2_alive_ok: loop: /proc/mdbg/loopcheck is OK
01-15 17:39:46.544   954   954 D NetworkController.WifiSignalController: Change in state from: connected=true,enabled=true,level=3,inetCondition=1,iconGroup=IconGroup(Wi-Fi Icons),activityIn=true,activityOut=true,rssi=-58,lastModified=01-15 17:39:45,ssid="atlas",isTransient=false,statusLabel=null
01-15 17:39:46.544   954   954 D NetworkController.WifiSignalController: 	to: connected=true,enabled=true,level=3,inetCondition=1,iconGroup=IconGroup(Wi-Fi Icons),activityIn=false,activityOut=false,rssi=-58,lastModified=01-15 17:39:45,ssid="atlas",isTransient=false,statusLabel=null
01-15 17:39:46.545   954   954 D Tile.WifiTile: onWifiSignalChanged enabled=true
